#
# There is insufficient memory for the Java Runtime Environment to continue.
# Native memory allocation (mmap) failed to map 469762048 bytes. Error detail: G1 virtual space
# Possible reasons:
#   The system is out of physical RAM or swap space
#   This process is running with CompressedOops enabled, and the Java Heap may be blocking the growth of the native heap
# Possible solutions:
#   Reduce memory load on the system
#   Increase physical memory or swap space
#   Check if swap backing store is full
#   Decrease Java heap size (-Xmx/-Xms)
#   Decrease number of Java threads
#   Decrease Java thread stack sizes (-Xss)
#   Set larger code cache with -XX:ReservedCodeCacheSize=
#   JVM is running with Zero Based Compressed Oops mode in which the Java heap is
#     placed in the first 32GB address space. The Java Heap base address is the
#     maximum limit for the native heap growth. Please use -XX:HeapBaseMinAddress
#     to set the Java Heap base and to place the Java Heap above 32GB virtual address.
# This output file may be truncated or incomplete.
#
#  Out of Memory Error (os_windows.cpp:3614), pid=21100, tid=19948
#
# JRE version: OpenJDK Runtime Environment Corretto-17.0.13.11.1 (17.0.13+11) (build 17.0.13+11-LTS)
# Java VM: OpenJDK 64-Bit Server VM Corretto-17.0.13.11.1 (17.0.13+11-LTS, mixed mode, sharing, tiered, compressed oops, compressed class ptrs, g1 gc, windows-amd64)
# No core dump will be written. Minidumps are not enabled by default on client versions of Windows
#

---------------  S U M M A R Y ------------

Command Line: org.springframework.boot.SpringApplicationAotProcessor org.joinfaces.example.JoinFacesExampleApplication D:\Projetos\EstudoIndentar\Testes Spring boot\websocket-spring-jsf\target\spring-aot\main\sources D:\Projetos\EstudoIndentar\Testes Spring boot\websocket-spring-jsf\target\spring-aot\main\resources D:\Projetos\EstudoIndentar\Testes Spring boot\websocket-spring-jsf\target\spring-aot\main\classes org.joinfaces joinfaces-example

Host: AMD Ryzen 7 5700U with Radeon Graphics         , 16 cores, 10G,  Windows 11 , 64 bit Build 22621 (10.0.22621.4830)
Time: Wed Feb 19 12:41:06 2025 Hora oficial do Brasil elapsed time: 6.972161 seconds (0d 0h 0m 6s)

---------------  T H R E A D  ---------------

Current thread (0x000002257cd18540):  VMThread "VM Thread" [stack: 0x000000893eb00000,0x000000893ec00000] [id=19948]

Stack: [0x000000893eb00000,0x000000893ec00000]
Native frames: (J=compiled Java code, j=interpreted, Vv=VM code, C=native code)
V  [jvm.dll+0x680c19]
V  [jvm.dll+0x83888a]
V  [jvm.dll+0x83a34e]
V  [jvm.dll+0x83a9b3]
V  [jvm.dll+0x2481af]
V  [jvm.dll+0x67d959]
V  [jvm.dll+0x67242a]
V  [jvm.dll+0x30813b]
V  [jvm.dll+0x30f626]
V  [jvm.dll+0x35f94e]
V  [jvm.dll+0x35fb8f]
V  [jvm.dll+0x2df0ec]
V  [jvm.dll+0x2dd4af]
V  [jvm.dll+0x2dcbdc]
V  [jvm.dll+0x32037b]
V  [jvm.dll+0x83eead]
V  [jvm.dll+0x83fbf2]
V  [jvm.dll+0x84011f]
V  [jvm.dll+0x840504]
V  [jvm.dll+0x8405d0]
V  [jvm.dll+0x7e7b2c]
V  [jvm.dll+0x67fae7]
C  [ucrtbase.dll+0x29333]
C  [KERNEL32.DLL+0x1259d]
C  [ntdll.dll+0x5af38]

VM_Operation (0x0000008941ffed90): G1CollectForAllocation, mode: safepoint, requested by thread 0x000002257f127b20


---------------  P R O C E S S  ---------------

Threads class SMR info:
_java_thread_list=0x000002257f24da40, length=43, elements={
0x000002255c2b8180, 0x000002257cd1dbe0, 0x000002257cd1ea60, 0x000002257cd395f0,
0x000002257cd3afd0, 0x000002257cd3b990, 0x000002257cd3c350, 0x000002257cd3d0f0,
0x000002257cd3ebb0, 0x000002257cd419c0, 0x000002257cd07650, 0x000002257cff9f30,
0x000002257d005cd0, 0x000002257d002820, 0x000002257d913580, 0x000002257d913aa0,
0x000002257e3fa060, 0x000002257e16b210, 0x000002257e4e7a10, 0x000002257f12b2d0,
0x000002257f129980, 0x000002257f12bcf0, 0x000002257f12db50, 0x000002257f12a8b0,
0x000002257f129e90, 0x000002257f126bf0, 0x000002257f12e060, 0x000002257f12b7e0,
0x000002257f127610, 0x000002257f12c200, 0x000002257f12e570, 0x000002257f128a50,
0x000002257f127100, 0x000002257f12c710, 0x000002257f12a3a0, 0x000002257f12cc20,
0x000002257f12d130, 0x000002257f127b20, 0x000002257f12d640, 0x000002257f128030,
0x000002257f128f60, 0x000002257f129470, 0x000002257ef046e0
}

Java Threads: ( => current thread )
  0x000002255c2b8180 JavaThread "main" [_thread_blocked, id=11948, stack(0x000000893e500000,0x000000893e600000)]
  0x000002257cd1dbe0 JavaThread "Reference Handler" daemon [_thread_blocked, id=2212, stack(0x000000893ec00000,0x000000893ed00000)]
  0x000002257cd1ea60 JavaThread "Finalizer" daemon [_thread_blocked, id=16704, stack(0x000000893ed00000,0x000000893ee00000)]
  0x000002257cd395f0 JavaThread "Signal Dispatcher" daemon [_thread_blocked, id=9388, stack(0x000000893ee00000,0x000000893ef00000)]
  0x000002257cd3afd0 JavaThread "Attach Listener" daemon [_thread_blocked, id=11972, stack(0x000000893ef00000,0x000000893f000000)]
  0x000002257cd3b990 JavaThread "Service Thread" daemon [_thread_blocked, id=10964, stack(0x000000893f000000,0x000000893f100000)]
  0x000002257cd3c350 JavaThread "Monitor Deflation Thread" daemon [_thread_blocked, id=20688, stack(0x000000893f100000,0x000000893f200000)]
  0x000002257cd3d0f0 JavaThread "C2 CompilerThread0" daemon [_thread_in_native, id=13724, stack(0x000000893f200000,0x000000893f300000)]
  0x000002257cd3ebb0 JavaThread "C1 CompilerThread0" daemon [_thread_blocked, id=18508, stack(0x000000893f300000,0x000000893f400000)]
  0x000002257cd419c0 JavaThread "Sweeper thread" daemon [_thread_blocked, id=20356, stack(0x000000893f400000,0x000000893f500000)]
  0x000002257cd07650 JavaThread "C1 CompilerThread1" daemon [_thread_blocked, id=21012, stack(0x000000893f500000,0x000000893f600000)]
  0x000002257cff9f30 JavaThread "Notification Thread" daemon [_thread_blocked, id=13992, stack(0x000000893f600000,0x000000893f700000)]
  0x000002257d005cd0 JavaThread "Common-Cleaner" daemon [_thread_blocked, id=4064, stack(0x000000893f800000,0x000000893f900000)]
  0x000002257d002820 JavaThread "C2 CompilerThread1" daemon [_thread_blocked, id=13624, stack(0x000000893f900000,0x000000893fa00000)]
  0x000002257d913580 JavaThread "C1 CompilerThread2" daemon [_thread_blocked, id=1292, stack(0x000000893fa00000,0x000000893fb00000)]
  0x000002257d913aa0 JavaThread "C1 CompilerThread3" daemon [_thread_blocked, id=19392, stack(0x000000893fb00000,0x000000893fc00000)]
  0x000002257e3fa060 JavaThread "C2 CompilerThread2" daemon [_thread_blocked, id=15784, stack(0x0000008940400000,0x0000008940500000)]
  0x000002257e16b210 JavaThread "C2 CompilerThread3" daemon [_thread_blocked, id=15880, stack(0x0000008940500000,0x0000008940600000)]
  0x000002257e4e7a10 JavaThread "C2 CompilerThread4" daemon [_thread_blocked, id=16184, stack(0x0000008940600000,0x0000008940700000)]
  0x000002257f12b2d0 JavaThread "ClassGraph-worker-24" daemon [_thread_blocked, id=15656, stack(0x0000008940d00000,0x0000008940e00000)]
  0x000002257f129980 JavaThread "ClassGraph-worker-25" daemon [_thread_blocked, id=17792, stack(0x0000008940e00000,0x0000008940f00000)]
  0x000002257f12bcf0 JavaThread "ClassGraph-worker-26" daemon [_thread_blocked, id=18904, stack(0x0000008940f00000,0x0000008941000000)]
  0x000002257f12db50 JavaThread "ClassGraph-worker-27" daemon [_thread_blocked, id=20476, stack(0x0000008941000000,0x0000008941100000)]
  0x000002257f12a8b0 JavaThread "ClassGraph-worker-28" daemon [_thread_blocked, id=3280, stack(0x0000008941100000,0x0000008941200000)]
  0x000002257f129e90 JavaThread "ClassGraph-worker-29" daemon [_thread_blocked, id=20996, stack(0x0000008941200000,0x0000008941300000)]
  0x000002257f126bf0 JavaThread "ClassGraph-worker-30" daemon [_thread_blocked, id=10132, stack(0x0000008941300000,0x0000008941400000)]
  0x000002257f12e060 JavaThread "ClassGraph-worker-31" daemon [_thread_blocked, id=17652, stack(0x0000008941400000,0x0000008941500000)]
  0x000002257f12b7e0 JavaThread "ClassGraph-worker-32" daemon [_thread_blocked, id=3624, stack(0x0000008941500000,0x0000008941600000)]
  0x000002257f127610 JavaThread "ClassGraph-worker-33" daemon [_thread_blocked, id=6172, stack(0x0000008941600000,0x0000008941700000)]
  0x000002257f12c200 JavaThread "ClassGraph-worker-34" daemon [_thread_blocked, id=13536, stack(0x0000008941700000,0x0000008941800000)]
  0x000002257f12e570 JavaThread "ClassGraph-worker-35" daemon [_thread_blocked, id=3852, stack(0x0000008941800000,0x0000008941900000)]
  0x000002257f128a50 JavaThread "ClassGraph-worker-36" daemon [_thread_blocked, id=13608, stack(0x0000008941900000,0x0000008941a00000)]
  0x000002257f127100 JavaThread "ClassGraph-worker-37" daemon [_thread_blocked, id=4804, stack(0x0000008941a00000,0x0000008941b00000)]
  0x000002257f12c710 JavaThread "ClassGraph-worker-38" daemon [_thread_blocked, id=11276, stack(0x0000008941b00000,0x0000008941c00000)]
  0x000002257f12a3a0 JavaThread "ClassGraph-worker-39" daemon [_thread_blocked, id=11020, stack(0x0000008941c00000,0x0000008941d00000)]
  0x000002257f12cc20 JavaThread "ClassGraph-worker-40" daemon [_thread_blocked, id=20128, stack(0x0000008941d00000,0x0000008941e00000)]
  0x000002257f12d130 JavaThread "ClassGraph-worker-41" daemon [_thread_blocked, id=19688, stack(0x0000008941e00000,0x0000008941f00000)]
  0x000002257f127b20 JavaThread "ClassGraph-worker-42" daemon [_thread_blocked, id=10696, stack(0x0000008941f00000,0x0000008942000000)]
  0x000002257f12d640 JavaThread "ClassGraph-worker-43" daemon [_thread_blocked, id=19856, stack(0x0000008942000000,0x0000008942100000)]
  0x000002257f128030 JavaThread "ClassGraph-worker-44" daemon [_thread_blocked, id=15424, stack(0x0000008942100000,0x0000008942200000)]
  0x000002257f128f60 JavaThread "ClassGraph-worker-45" daemon [_thread_blocked, id=19700, stack(0x0000008942200000,0x0000008942300000)]
  0x000002257f129470 JavaThread "ClassGraph-worker-46" daemon [_thread_blocked, id=7524, stack(0x0000008942300000,0x0000008942400000)]
  0x000002257ef046e0 JavaThread "ClassGraph-worker-47" daemon [_thread_blocked, id=2344, stack(0x0000008942400000,0x0000008942500000)]

Other Threads:
=>0x000002257cd18540 VMThread "VM Thread" [stack: 0x000000893eb00000,0x000000893ec00000] [id=19948]
  0x000002257cffee50 WatcherThread [stack: 0x000000893f700000,0x000000893f800000] [id=21096]
  0x000002255c30d530 GCTaskThread "GC Thread#0" [stack: 0x000000893e600000,0x000000893e700000] [id=12704]
  0x000002257da6ea90 GCTaskThread "GC Thread#1" [stack: 0x000000893fc00000,0x000000893fd00000] [id=17448]
  0x000002257da6ed50 GCTaskThread "GC Thread#2" [stack: 0x000000893fd00000,0x000000893fe00000] [id=20460]
  0x000002257da6f010 GCTaskThread "GC Thread#3" [stack: 0x000000893fe00000,0x000000893ff00000] [id=8896]
  0x000002257de9aab0 GCTaskThread "GC Thread#4" [stack: 0x000000893ff00000,0x0000008940000000] [id=2956]
  0x000002257e02a230 GCTaskThread "GC Thread#5" [stack: 0x0000008940100000,0x0000008940200000] [id=17160]
  0x000002257e039550 GCTaskThread "GC Thread#6" [stack: 0x0000008940200000,0x0000008940300000] [id=3912]
  0x000002257e1e8d50 GCTaskThread "GC Thread#7" [stack: 0x0000008940300000,0x0000008940400000] [id=11304]
  0x00000225452a85a0 GCTaskThread "GC Thread#8" [stack: 0x0000008940000000,0x0000008940100000] [id=20028]
  0x00000225452a90a0 GCTaskThread "GC Thread#9" [stack: 0x0000008940700000,0x0000008940800000] [id=19436]
  0x00000225452a77e0 GCTaskThread "GC Thread#10" [stack: 0x0000008940800000,0x0000008940900000] [id=19984]
  0x00000225452a8860 GCTaskThread "GC Thread#11" [stack: 0x0000008940900000,0x0000008940a00000] [id=2432]
  0x00000225452a8b20 GCTaskThread "GC Thread#12" [stack: 0x0000008940a00000,0x0000008940b00000] [id=4408]
  0x000002255c319210 ConcurrentGCThread "G1 Main Marker" [stack: 0x000000893e700000,0x000000893e800000] [id=18428]
  0x000002255c319c30 ConcurrentGCThread "G1 Conc#0" [stack: 0x000000893e800000,0x000000893e900000] [id=5192]
  0x00000225452a8de0 ConcurrentGCThread "G1 Conc#1" [stack: 0x0000008940b00000,0x0000008940c00000] [id=20528]
  0x00000225452a7aa0 ConcurrentGCThread "G1 Conc#2" [stack: 0x0000008940c00000,0x0000008940d00000] [id=20164]
  0x000002257cbd71c0 ConcurrentGCThread "G1 Refine#0" [stack: 0x000000893e900000,0x000000893ea00000] [id=7756]
  0x000002254661b3c0 ConcurrentGCThread "G1 Refine#1" [stack: 0x0000008942500000,0x0000008942600000] [id=17780]
  0x000002254661b6b0 ConcurrentGCThread "G1 Refine#2" [stack: 0x0000008942600000,0x0000008942700000] [id=16376]
  0x0000022548b261d0 ConcurrentGCThread "G1 Refine#3" [stack: 0x0000008942700000,0x0000008942800000] [id=20936]
  0x0000022548b26aa0 ConcurrentGCThread "G1 Refine#4" [stack: 0x0000008942800000,0x0000008942900000] [id=11696]
  0x0000022548b24a50 ConcurrentGCThread "G1 Refine#5" [stack: 0x0000008942900000,0x0000008942a00000] [id=364]
  0x0000022548b25030 ConcurrentGCThread "G1 Refine#6" [stack: 0x0000008942a00000,0x0000008942b00000] [id=4580]
  0x0000022548b25900 ConcurrentGCThread "G1 Refine#7" [stack: 0x0000008942b00000,0x0000008942c00000] [id=19432]
  0x0000022548b264c0 ConcurrentGCThread "G1 Refine#8" [stack: 0x0000008942c00000,0x0000008942d00000] [id=19556]
  0x0000022548b24d40 ConcurrentGCThread "G1 Refine#9" [stack: 0x0000008942d00000,0x0000008942e00000] [id=20608]
  0x0000022548b27950 ConcurrentGCThread "G1 Refine#10" [stack: 0x0000008942e00000,0x0000008942f00000] [id=20796]
  0x0000022548b27080 ConcurrentGCThread "G1 Refine#11" [stack: 0x0000008942f00000,0x0000008943000000] [id=2132]
  0x0000022548b27c40 ConcurrentGCThread "G1 Refine#12" [stack: 0x0000008943000000,0x0000008943100000] [id=7664]
  0x000002257cbd7b00 ConcurrentGCThread "G1 Service" [stack: 0x000000893ea00000,0x000000893eb00000] [id=19960]

Threads with active compile tasks:
C2 CompilerThread0     6984 6579   !   4       io.github.classgraph.Classfile::<init> (812 bytes)

VM state: at safepoint (normal execution)

VM Mutex/Monitor currently owned by a thread:  ([mutex/lock_event])
[0x000002255c2b3ac0] Threads_lock - owner thread: 0x000002257cd18540
[0x000002255c2b3b50] Heap_lock - owner thread: 0x000002257f127b20

Heap address: 0x0000000752600000, size: 2778 MB, Compressed Oops mode: Zero based, Oop shift amount: 3

CDS archive(s) mapped at: [0x0000022500000000-0x0000022500bb0000-0x0000022500bb0000), size 12255232, SharedBaseAddress: 0x0000022500000000, ArchiveRelocationMode: 1.
Compressed class space mapped at: 0x0000022501000000-0x0000022541000000, reserved size: 1073741824
Narrow klass base: 0x0000022500000000, Narrow klass shift: 0, Narrow klass range: 0x100000000

GC Precious Log:
 CPUs: 16 total, 16 available
 Memory: 11109M
 Large Page Support: Disabled
 NUMA Support: Disabled
 Compressed Oops: Enabled (Zero based)
 Heap Region Size: 2M
 Heap Min Capacity: 8M
 Heap Initial Capacity: 174M
 Heap Max Capacity: 2778M
 Pre-touch: Disabled
 Parallel Workers: 13
 Concurrent Workers: 3
 Concurrent Refinement Workers: 13
 Periodic GC: Disabled

Heap:
 garbage-first heap   total 458752K, used 181467K [0x0000000752600000, 0x0000000800000000)
  region size 2048K, 7 young (14336K), 7 survivors (14336K)
 Metaspace       used 40395K, committed 40896K, reserved 1114112K
  class space    used 5414K, committed 5632K, reserved 1048576K

Heap Regions: E=young(eden), S=young(survivor), O=old, HS=humongous(starts), HC=humongous(continues), CS=collection set, F=free, OA=open archive, CA=closed archive, TAMS=top-at-mark-start (previous, next)
|   0|0x0000000752600000, 0x0000000752800000, 0x0000000752800000|100%| O|  |TAMS 0x0000000752800000, 0x0000000752600000| Untracked 
|   1|0x0000000752800000, 0x0000000752a00000, 0x0000000752a00000|100%| O|  |TAMS 0x0000000752a00000, 0x0000000752800000| Untracked 
|   2|0x0000000752a00000, 0x0000000752c00000, 0x0000000752c00000|100%| O|  |TAMS 0x0000000752c00000, 0x0000000752a00000| Untracked 
|   3|0x0000000752c00000, 0x0000000752e00000, 0x0000000752e00000|100%| O|  |TAMS 0x0000000752e00000, 0x0000000752c00000| Untracked 
|   4|0x0000000752e00000, 0x0000000753000000, 0x0000000753000000|100%| O|  |TAMS 0x0000000753000000, 0x0000000752e00000| Untracked 
|   5|0x0000000753000000, 0x0000000753200000, 0x0000000753200000|100%| O|  |TAMS 0x0000000753200000, 0x0000000753000000| Untracked 
|   6|0x0000000753200000, 0x0000000753400000, 0x0000000753400000|100%| O|  |TAMS 0x0000000753400000, 0x0000000753200000| Untracked 
|   7|0x0000000753400000, 0x0000000753600000, 0x0000000753600000|100%| O|  |TAMS 0x0000000753600000, 0x0000000753400000| Untracked 
|   8|0x0000000753600000, 0x0000000753800000, 0x0000000753800000|100%| O|  |TAMS 0x0000000753800000, 0x0000000753600000| Untracked 
|   9|0x0000000753800000, 0x0000000753a00000, 0x0000000753a00000|100%| O|  |TAMS 0x0000000753a00000, 0x0000000753800000| Untracked 
|  10|0x0000000753a00000, 0x0000000753c00000, 0x0000000753c00000|100%| O|  |TAMS 0x0000000753c00000, 0x0000000753a00000| Untracked 
|  11|0x0000000753c00000, 0x0000000753e00000, 0x0000000753e00000|100%| O|  |TAMS 0x0000000753e00000, 0x0000000753c00000| Untracked 
|  12|0x0000000753e00000, 0x0000000754000000, 0x0000000754000000|100%| O|  |TAMS 0x0000000754000000, 0x0000000753e00000| Untracked 
|  13|0x0000000754000000, 0x0000000754200000, 0x0000000754200000|100%| O|  |TAMS 0x0000000754200000, 0x0000000754000000| Untracked 
|  14|0x0000000754200000, 0x0000000754400000, 0x0000000754400000|100%| O|  |TAMS 0x0000000754400000, 0x0000000754200000| Untracked 
|  15|0x0000000754400000, 0x0000000754600000, 0x0000000754600000|100%| O|  |TAMS 0x0000000754600000, 0x0000000754400000| Untracked 
|  16|0x0000000754600000, 0x0000000754800000, 0x0000000754800000|100%| O|  |TAMS 0x0000000754800000, 0x0000000754600000| Untracked 
|  17|0x0000000754800000, 0x0000000754a00000, 0x0000000754a00000|100%| O|  |TAMS 0x0000000754a00000, 0x0000000754800000| Untracked 
|  18|0x0000000754a00000, 0x0000000754c00000, 0x0000000754c00000|100%| O|  |TAMS 0x0000000754c00000, 0x0000000754a00000| Untracked 
|  19|0x0000000754c00000, 0x0000000754e00000, 0x0000000754e00000|100%| O|  |TAMS 0x0000000754e00000, 0x0000000754c00000| Untracked 
|  20|0x0000000754e00000, 0x0000000755000000, 0x0000000755000000|100%| O|  |TAMS 0x0000000755000000, 0x0000000754e00000| Untracked 
|  21|0x0000000755000000, 0x0000000755200000, 0x0000000755200000|100%| O|  |TAMS 0x0000000755200000, 0x0000000755000000| Untracked 
|  22|0x0000000755200000, 0x0000000755400000, 0x0000000755400000|100%| O|  |TAMS 0x0000000755400000, 0x0000000755200000| Untracked 
|  23|0x0000000755400000, 0x0000000755600000, 0x0000000755600000|100%| O|  |TAMS 0x0000000755600000, 0x0000000755400000| Untracked 
|  24|0x0000000755600000, 0x0000000755800000, 0x0000000755800000|100%| O|  |TAMS 0x00000007556a8c00, 0x0000000755600000| Untracked 
|  25|0x0000000755800000, 0x0000000755a00000, 0x0000000755a00000|100%| O|  |TAMS 0x0000000755800000, 0x0000000755800000| Untracked 
|  26|0x0000000755a00000, 0x0000000755c00000, 0x0000000755c00000|100%| O|  |TAMS 0x0000000755a00000, 0x0000000755a00000| Untracked 
|  27|0x0000000755c00000, 0x0000000755e00000, 0x0000000755e00000|100%| O|  |TAMS 0x0000000755c00000, 0x0000000755c00000| Untracked 
|  28|0x0000000755e00000, 0x0000000756000000, 0x0000000756000000|100%| O|  |TAMS 0x0000000755e00000, 0x0000000755e00000| Untracked 
|  29|0x0000000756000000, 0x0000000756200000, 0x0000000756200000|100%| O|  |TAMS 0x0000000756000000, 0x0000000756000000| Untracked 
|  30|0x0000000756200000, 0x0000000756400000, 0x0000000756400000|100%| O|  |TAMS 0x0000000756200000, 0x0000000756200000| Untracked 
|  31|0x0000000756400000, 0x0000000756600000, 0x0000000756600000|100%| O|  |TAMS 0x0000000756400000, 0x0000000756400000| Untracked 
|  32|0x0000000756600000, 0x0000000756800000, 0x0000000756800000|100%| O|  |TAMS 0x0000000756600000, 0x0000000756600000| Untracked 
|  33|0x0000000756800000, 0x0000000756a00000, 0x0000000756a00000|100%| O|  |TAMS 0x0000000756800000, 0x0000000756800000| Untracked 
|  34|0x0000000756a00000, 0x0000000756c00000, 0x0000000756c00000|100%| O|  |TAMS 0x0000000756a00000, 0x0000000756a00000| Untracked 
|  35|0x0000000756c00000, 0x0000000756e00000, 0x0000000756e00000|100%| O|  |TAMS 0x0000000756c00000, 0x0000000756c00000| Untracked 
|  36|0x0000000756e00000, 0x0000000757000000, 0x0000000757000000|100%| O|  |TAMS 0x0000000756e00000, 0x0000000756e00000| Untracked 
|  37|0x0000000757000000, 0x0000000757200000, 0x0000000757200000|100%|HS|  |TAMS 0x0000000757000000, 0x0000000757000000| Complete 
|  38|0x0000000757200000, 0x0000000757400000, 0x0000000757400000|100%| O|  |TAMS 0x0000000757200000, 0x0000000757200000| Untracked 
|  39|0x0000000757400000, 0x0000000757600000, 0x0000000757600000|100%| O|  |TAMS 0x0000000757400000, 0x0000000757400000| Untracked 
|  40|0x0000000757600000, 0x0000000757800000, 0x0000000757800000|100%| O|  |TAMS 0x0000000757600000, 0x0000000757600000| Untracked 
|  41|0x0000000757800000, 0x0000000757a00000, 0x0000000757a00000|100%| O|  |TAMS 0x0000000757800000, 0x0000000757800000| Untracked 
|  42|0x0000000757a00000, 0x0000000757c00000, 0x0000000757c00000|100%| O|  |TAMS 0x0000000757a00000, 0x0000000757a00000| Untracked 
|  43|0x0000000757c00000, 0x0000000757e00000, 0x0000000757e00000|100%| O|  |TAMS 0x0000000757c00000, 0x0000000757c00000| Untracked 
|  44|0x0000000757e00000, 0x0000000758000000, 0x0000000758000000|100%| O|  |TAMS 0x0000000757e00000, 0x0000000757e00000| Untracked 
|  45|0x0000000758000000, 0x0000000758200000, 0x0000000758200000|100%| O|  |TAMS 0x0000000758000000, 0x0000000758000000| Untracked 
|  46|0x0000000758200000, 0x0000000758400000, 0x0000000758400000|100%| O|  |TAMS 0x0000000758200000, 0x0000000758200000| Untracked 
|  47|0x0000000758400000, 0x0000000758600000, 0x0000000758600000|100%| O|  |TAMS 0x0000000758400000, 0x0000000758400000| Untracked 
|  48|0x0000000758600000, 0x0000000758800000, 0x0000000758800000|100%| O|  |TAMS 0x0000000758600000, 0x0000000758600000| Untracked 
|  49|0x0000000758800000, 0x0000000758a00000, 0x0000000758a00000|100%| O|  |TAMS 0x0000000758800000, 0x0000000758800000| Untracked 
|  50|0x0000000758a00000, 0x0000000758c00000, 0x0000000758c00000|100%| O|  |TAMS 0x0000000758a00000, 0x0000000758a00000| Untracked 
|  51|0x0000000758c00000, 0x0000000758e00000, 0x0000000758e00000|100%| O|  |TAMS 0x0000000758c00000, 0x0000000758c00000| Untracked 
|  52|0x0000000758e00000, 0x0000000759000000, 0x0000000759000000|100%| O|  |TAMS 0x0000000758e00000, 0x0000000758e00000| Untracked 
|  53|0x0000000759000000, 0x0000000759200000, 0x0000000759200000|100%| O|  |TAMS 0x0000000759000000, 0x0000000759000000| Untracked 
|  54|0x0000000759200000, 0x0000000759400000, 0x0000000759400000|100%| O|  |TAMS 0x0000000759200000, 0x0000000759200000| Untracked 
|  55|0x0000000759400000, 0x0000000759600000, 0x0000000759600000|100%| O|  |TAMS 0x0000000759400000, 0x0000000759400000| Untracked 
|  56|0x0000000759600000, 0x0000000759800000, 0x0000000759800000|100%| O|  |TAMS 0x0000000759600000, 0x0000000759600000| Untracked 
|  57|0x0000000759800000, 0x0000000759a00000, 0x0000000759a00000|100%| O|  |TAMS 0x0000000759800000, 0x0000000759800000| Untracked 
|  58|0x0000000759a00000, 0x0000000759c00000, 0x0000000759c00000|100%| O|  |TAMS 0x0000000759a00000, 0x0000000759a00000| Untracked 
|  59|0x0000000759c00000, 0x0000000759e00000, 0x0000000759e00000|100%| O|  |TAMS 0x0000000759c00000, 0x0000000759c00000| Untracked 
|  60|0x0000000759e00000, 0x000000075a000000, 0x000000075a000000|100%| O|  |TAMS 0x0000000759e00000, 0x0000000759e00000| Untracked 
|  61|0x000000075a000000, 0x000000075a200000, 0x000000075a200000|100%| O|  |TAMS 0x000000075a000000, 0x000000075a000000| Untracked 
|  62|0x000000075a200000, 0x000000075a400000, 0x000000075a400000|100%| O|  |TAMS 0x000000075a200000, 0x000000075a200000| Untracked 
|  63|0x000000075a400000, 0x000000075a600000, 0x000000075a600000|100%| O|  |TAMS 0x000000075a400000, 0x000000075a400000| Untracked 
|  64|0x000000075a600000, 0x000000075a800000, 0x000000075a800000|100%| O|  |TAMS 0x000000075a600000, 0x000000075a600000| Untracked 
|  65|0x000000075a800000, 0x000000075aa00000, 0x000000075aa00000|100%| O|  |TAMS 0x000000075a800000, 0x000000075a800000| Untracked 
|  66|0x000000075aa00000, 0x000000075ac00000, 0x000000075ac00000|100%| O|  |TAMS 0x000000075aa00000, 0x000000075aa00000| Untracked 
|  67|0x000000075ac00000, 0x000000075ae00000, 0x000000075ae00000|100%| O|  |TAMS 0x000000075ac00000, 0x000000075ac00000| Untracked 
|  68|0x000000075ae00000, 0x000000075b000000, 0x000000075b000000|100%| O|  |TAMS 0x000000075ae00000, 0x000000075ae00000| Untracked 
|  69|0x000000075b000000, 0x000000075b200000, 0x000000075b200000|100%| O|  |TAMS 0x000000075b000000, 0x000000075b000000| Untracked 
|  70|0x000000075b200000, 0x000000075b400000, 0x000000075b400000|100%| O|  |TAMS 0x000000075b200000, 0x000000075b200000| Untracked 
|  71|0x000000075b400000, 0x000000075b600000, 0x000000075b600000|100%| O|  |TAMS 0x000000075b400000, 0x000000075b400000| Untracked 
|  72|0x000000075b600000, 0x000000075b800000, 0x000000075b800000|100%| O|  |TAMS 0x000000075b600000, 0x000000075b600000| Untracked 
|  73|0x000000075b800000, 0x000000075ba00000, 0x000000075ba00000|100%| O|  |TAMS 0x000000075b800000, 0x000000075b800000| Untracked 
|  74|0x000000075ba00000, 0x000000075bc00000, 0x000000075bc00000|100%| O|  |TAMS 0x000000075ba00000, 0x000000075ba00000| Untracked 
|  75|0x000000075bc00000, 0x000000075be00000, 0x000000075be00000|100%| O|  |TAMS 0x000000075bc00000, 0x000000075bc00000| Untracked 
|  76|0x000000075be00000, 0x000000075c000000, 0x000000075c000000|100%| O|  |TAMS 0x000000075be00000, 0x000000075be00000| Untracked 
|  77|0x000000075c000000, 0x000000075c200000, 0x000000075c200000|100%| O|  |TAMS 0x000000075c000000, 0x000000075c000000| Untracked 
|  78|0x000000075c200000, 0x000000075c400000, 0x000000075c400000|100%| O|  |TAMS 0x000000075c200000, 0x000000075c200000| Untracked 
|  79|0x000000075c400000, 0x000000075c600000, 0x000000075c600000|100%| O|  |TAMS 0x000000075c400000, 0x000000075c400000| Untracked 
|  80|0x000000075c600000, 0x000000075c800000, 0x000000075c800000|100%| O|  |TAMS 0x000000075c600000, 0x000000075c600000| Untracked 
|  81|0x000000075c800000, 0x000000075c995c00, 0x000000075ca00000| 79%| O|  |TAMS 0x000000075c800000, 0x000000075c800000| Untracked 
|  82|0x000000075ca00000, 0x000000075ca00000, 0x000000075cc00000|  0%| F|  |TAMS 0x000000075ca00000, 0x000000075ca00000| Untracked 
|  83|0x000000075cc00000, 0x000000075cc00000, 0x000000075ce00000|  0%| F|  |TAMS 0x000000075cc00000, 0x000000075cc00000| Untracked 
|  84|0x000000075ce00000, 0x000000075ce00000, 0x000000075d000000|  0%| F|  |TAMS 0x000000075ce00000, 0x000000075ce00000| Untracked 
|  85|0x000000075d000000, 0x000000075d000000, 0x000000075d200000|  0%| F|  |TAMS 0x000000075d000000, 0x000000075d000000| Untracked 
|  86|0x000000075d200000, 0x000000075d200000, 0x000000075d400000|  0%| F|  |TAMS 0x000000075d200000, 0x000000075d200000| Untracked 
|  87|0x000000075d400000, 0x000000075d400000, 0x000000075d600000|  0%| F|  |TAMS 0x000000075d400000, 0x000000075d400000| Untracked 
|  88|0x000000075d600000, 0x000000075d600000, 0x000000075d800000|  0%| F|  |TAMS 0x000000075d600000, 0x000000075d600000| Untracked 
|  89|0x000000075d800000, 0x000000075d800000, 0x000000075da00000|  0%| F|  |TAMS 0x000000075d800000, 0x000000075d800000| Untracked 
|  90|0x000000075da00000, 0x000000075da00000, 0x000000075dc00000|  0%| F|  |TAMS 0x000000075da00000, 0x000000075da00000| Untracked 
|  91|0x000000075dc00000, 0x000000075dc00000, 0x000000075de00000|  0%| F|  |TAMS 0x000000075dc00000, 0x000000075dc00000| Untracked 
|  92|0x000000075de00000, 0x000000075de00000, 0x000000075e000000|  0%| F|  |TAMS 0x000000075de00000, 0x000000075de00000| Untracked 
|  93|0x000000075e000000, 0x000000075e000000, 0x000000075e200000|  0%| F|  |TAMS 0x000000075e000000, 0x000000075e000000| Untracked 
|  94|0x000000075e200000, 0x000000075e200000, 0x000000075e400000|  0%| F|  |TAMS 0x000000075e200000, 0x000000075e200000| Untracked 
|  95|0x000000075e400000, 0x000000075e400000, 0x000000075e600000|  0%| F|  |TAMS 0x000000075e400000, 0x000000075e400000| Untracked 
|  96|0x000000075e600000, 0x000000075e600000, 0x000000075e800000|  0%| F|  |TAMS 0x000000075e600000, 0x000000075e600000| Untracked 
|  97|0x000000075e800000, 0x000000075e800000, 0x000000075ea00000|  0%| F|  |TAMS 0x000000075e800000, 0x000000075e800000| Untracked 
|  98|0x000000075ea00000, 0x000000075ea00000, 0x000000075ec00000|  0%| F|  |TAMS 0x000000075ea00000, 0x000000075ea00000| Untracked 
|  99|0x000000075ec00000, 0x000000075ec00000, 0x000000075ee00000|  0%| F|  |TAMS 0x000000075ec00000, 0x000000075ec00000| Untracked 
| 100|0x000000075ee00000, 0x000000075ee00000, 0x000000075f000000|  0%| F|  |TAMS 0x000000075ee00000, 0x000000075ee00000| Untracked 
| 101|0x000000075f000000, 0x000000075f000000, 0x000000075f200000|  0%| F|  |TAMS 0x000000075f000000, 0x000000075f000000| Untracked 
| 102|0x000000075f200000, 0x000000075f200000, 0x000000075f400000|  0%| F|  |TAMS 0x000000075f200000, 0x000000075f200000| Untracked 
| 103|0x000000075f400000, 0x000000075f400000, 0x000000075f600000|  0%| F|  |TAMS 0x000000075f400000, 0x000000075f400000| Untracked 
| 104|0x000000075f600000, 0x000000075f600000, 0x000000075f800000|  0%| F|  |TAMS 0x000000075f600000, 0x000000075f600000| Untracked 
| 105|0x000000075f800000, 0x000000075f800000, 0x000000075fa00000|  0%| F|  |TAMS 0x000000075f800000, 0x000000075f800000| Untracked 
| 106|0x000000075fa00000, 0x000000075fa00000, 0x000000075fc00000|  0%| F|  |TAMS 0x000000075fa00000, 0x000000075fa00000| Untracked 
| 107|0x000000075fc00000, 0x000000075fc00000, 0x000000075fe00000|  0%| F|  |TAMS 0x000000075fc00000, 0x000000075fc00000| Untracked 
| 108|0x000000075fe00000, 0x000000075fe00000, 0x0000000760000000|  0%| F|  |TAMS 0x000000075fe00000, 0x000000075fe00000| Untracked 
| 109|0x0000000760000000, 0x0000000760000000, 0x0000000760200000|  0%| F|  |TAMS 0x0000000760000000, 0x0000000760000000| Untracked 
| 110|0x0000000760200000, 0x0000000760200000, 0x0000000760400000|  0%| F|  |TAMS 0x0000000760200000, 0x0000000760200000| Untracked 
| 111|0x0000000760400000, 0x0000000760400000, 0x0000000760600000|  0%| F|  |TAMS 0x0000000760400000, 0x0000000760400000| Untracked 
| 112|0x0000000760600000, 0x0000000760600000, 0x0000000760800000|  0%| F|  |TAMS 0x0000000760600000, 0x0000000760600000| Untracked 
| 113|0x0000000760800000, 0x0000000760800000, 0x0000000760a00000|  0%| F|  |TAMS 0x0000000760800000, 0x0000000760800000| Untracked 
| 114|0x0000000760a00000, 0x0000000760a00000, 0x0000000760c00000|  0%| F|  |TAMS 0x0000000760a00000, 0x0000000760a00000| Untracked 
| 115|0x0000000760c00000, 0x0000000760c00000, 0x0000000760e00000|  0%| F|  |TAMS 0x0000000760c00000, 0x0000000760c00000| Untracked 
| 116|0x0000000760e00000, 0x0000000760e00000, 0x0000000761000000|  0%| F|  |TAMS 0x0000000760e00000, 0x0000000760e00000| Untracked 
| 117|0x0000000761000000, 0x0000000761000000, 0x0000000761200000|  0%| F|  |TAMS 0x0000000761000000, 0x0000000761000000| Untracked 
| 118|0x0000000761200000, 0x0000000761200000, 0x0000000761400000|  0%| F|  |TAMS 0x0000000761200000, 0x0000000761200000| Untracked 
| 119|0x0000000761400000, 0x0000000761400000, 0x0000000761600000|  0%| F|  |TAMS 0x0000000761400000, 0x0000000761400000| Untracked 
| 120|0x0000000761600000, 0x0000000761600000, 0x0000000761800000|  0%| F|  |TAMS 0x0000000761600000, 0x0000000761600000| Untracked 
| 121|0x0000000761800000, 0x0000000761800000, 0x0000000761a00000|  0%| F|  |TAMS 0x0000000761800000, 0x0000000761800000| Untracked 
| 122|0x0000000761a00000, 0x0000000761a00000, 0x0000000761c00000|  0%| F|  |TAMS 0x0000000761a00000, 0x0000000761a00000| Untracked 
| 123|0x0000000761c00000, 0x0000000761c00000, 0x0000000761e00000|  0%| F|  |TAMS 0x0000000761c00000, 0x0000000761c00000| Untracked 
| 124|0x0000000761e00000, 0x0000000761fa12a0, 0x0000000762000000| 81%| S|CS|TAMS 0x0000000761e00000, 0x0000000761e00000| Complete 
| 125|0x0000000762000000, 0x0000000762200000, 0x0000000762200000|100%| S|CS|TAMS 0x0000000762000000, 0x0000000762000000| Complete 
| 126|0x0000000762200000, 0x0000000762400000, 0x0000000762400000|100%| S|CS|TAMS 0x0000000762200000, 0x0000000762200000| Complete 
| 127|0x0000000762400000, 0x0000000762600000, 0x0000000762600000|100%| S|CS|TAMS 0x0000000762400000, 0x0000000762400000| Complete 
| 128|0x0000000762600000, 0x0000000762800000, 0x0000000762800000|100%| S|CS|TAMS 0x0000000762600000, 0x0000000762600000| Complete 
| 129|0x0000000762800000, 0x0000000762a00000, 0x0000000762a00000|100%| S|CS|TAMS 0x0000000762800000, 0x0000000762800000| Complete 
| 130|0x0000000762a00000, 0x0000000762c00000, 0x0000000762c00000|100%| S|CS|TAMS 0x0000000762a00000, 0x0000000762a00000| Complete 
| 131|0x0000000762c00000, 0x0000000762c00000, 0x0000000762e00000|  0%| F|  |TAMS 0x0000000762c00000, 0x0000000762c00000| Untracked 
| 132|0x0000000762e00000, 0x0000000762e00000, 0x0000000763000000|  0%| F|  |TAMS 0x0000000762e00000, 0x0000000762e00000| Untracked 
| 133|0x0000000763000000, 0x0000000763000000, 0x0000000763200000|  0%| F|  |TAMS 0x0000000763000000, 0x0000000763000000| Untracked 
| 134|0x0000000763200000, 0x0000000763200000, 0x0000000763400000|  0%| F|  |TAMS 0x0000000763200000, 0x0000000763200000| Untracked 
| 135|0x0000000763400000, 0x0000000763400000, 0x0000000763600000|  0%| F|  |TAMS 0x0000000763400000, 0x0000000763400000| Untracked 
| 136|0x0000000763600000, 0x0000000763600000, 0x0000000763800000|  0%| F|  |TAMS 0x0000000763600000, 0x0000000763600000| Untracked 
| 137|0x0000000763800000, 0x0000000763800000, 0x0000000763a00000|  0%| F|  |TAMS 0x0000000763800000, 0x0000000763800000| Untracked 
| 138|0x0000000763a00000, 0x0000000763a00000, 0x0000000763c00000|  0%| F|  |TAMS 0x0000000763a00000, 0x0000000763a00000| Untracked 
| 139|0x0000000763c00000, 0x0000000763c00000, 0x0000000763e00000|  0%| F|  |TAMS 0x0000000763c00000, 0x0000000763c00000| Untracked 
| 140|0x0000000763e00000, 0x0000000763e00000, 0x0000000764000000|  0%| F|  |TAMS 0x0000000763e00000, 0x0000000763e00000| Untracked 
| 141|0x0000000764000000, 0x0000000764000000, 0x0000000764200000|  0%| F|  |TAMS 0x0000000764000000, 0x0000000764000000| Untracked 
| 142|0x0000000764200000, 0x0000000764200000, 0x0000000764400000|  0%| F|  |TAMS 0x0000000764200000, 0x0000000764200000| Untracked 
| 143|0x0000000764400000, 0x0000000764400000, 0x0000000764600000|  0%| F|  |TAMS 0x0000000764400000, 0x0000000764400000| Untracked 
| 144|0x0000000764600000, 0x0000000764600000, 0x0000000764800000|  0%| F|  |TAMS 0x0000000764600000, 0x0000000764600000| Untracked 
| 145|0x0000000764800000, 0x0000000764800000, 0x0000000764a00000|  0%| F|  |TAMS 0x0000000764800000, 0x0000000764800000| Untracked 
| 146|0x0000000764a00000, 0x0000000764a00000, 0x0000000764c00000|  0%| F|  |TAMS 0x0000000764a00000, 0x0000000764a00000| Untracked 
| 147|0x0000000764c00000, 0x0000000764c00000, 0x0000000764e00000|  0%| F|  |TAMS 0x0000000764c00000, 0x0000000764c00000| Untracked 
| 148|0x0000000764e00000, 0x0000000764e00000, 0x0000000765000000|  0%| F|  |TAMS 0x0000000764e00000, 0x0000000764e00000| Untracked 
| 149|0x0000000765000000, 0x0000000765000000, 0x0000000765200000|  0%| F|  |TAMS 0x0000000765000000, 0x0000000765000000| Untracked 
| 150|0x0000000765200000, 0x0000000765200000, 0x0000000765400000|  0%| F|  |TAMS 0x0000000765200000, 0x0000000765200000| Untracked 
| 151|0x0000000765400000, 0x0000000765400000, 0x0000000765600000|  0%| F|  |TAMS 0x0000000765400000, 0x0000000765400000| Untracked 
| 152|0x0000000765600000, 0x0000000765600000, 0x0000000765800000|  0%| F|  |TAMS 0x0000000765600000, 0x0000000765600000| Untracked 
| 153|0x0000000765800000, 0x0000000765800000, 0x0000000765a00000|  0%| F|  |TAMS 0x0000000765800000, 0x0000000765800000| Untracked 
| 154|0x0000000765a00000, 0x0000000765a00000, 0x0000000765c00000|  0%| F|  |TAMS 0x0000000765a00000, 0x0000000765a00000| Untracked 
| 155|0x0000000765c00000, 0x0000000765c00000, 0x0000000765e00000|  0%| F|  |TAMS 0x0000000765c00000, 0x0000000765c00000| Untracked 
| 156|0x0000000765e00000, 0x0000000765e00000, 0x0000000766000000|  0%| F|  |TAMS 0x0000000765e00000, 0x0000000765e00000| Untracked 
| 157|0x0000000766000000, 0x0000000766000000, 0x0000000766200000|  0%| F|  |TAMS 0x0000000766000000, 0x0000000766000000| Untracked 
| 158|0x0000000766200000, 0x0000000766200000, 0x0000000766400000|  0%| F|  |TAMS 0x0000000766200000, 0x0000000766200000| Untracked 
| 159|0x0000000766400000, 0x0000000766400000, 0x0000000766600000|  0%| F|  |TAMS 0x0000000766400000, 0x0000000766400000| Untracked 
| 160|0x0000000766600000, 0x0000000766600000, 0x0000000766800000|  0%| F|  |TAMS 0x0000000766600000, 0x0000000766600000| Untracked 
| 161|0x0000000766800000, 0x0000000766800000, 0x0000000766a00000|  0%| F|  |TAMS 0x0000000766800000, 0x0000000766800000| Untracked 
| 162|0x0000000766a00000, 0x0000000766a00000, 0x0000000766c00000|  0%| F|  |TAMS 0x0000000766a00000, 0x0000000766a00000| Untracked 
| 163|0x0000000766c00000, 0x0000000766c00000, 0x0000000766e00000|  0%| F|  |TAMS 0x0000000766c00000, 0x0000000766c00000| Untracked 
| 164|0x0000000766e00000, 0x0000000766e00000, 0x0000000767000000|  0%| F|  |TAMS 0x0000000766e00000, 0x0000000766e00000| Untracked 
| 165|0x0000000767000000, 0x0000000767000000, 0x0000000767200000|  0%| F|  |TAMS 0x0000000767000000, 0x0000000767000000| Untracked 
| 166|0x0000000767200000, 0x0000000767200000, 0x0000000767400000|  0%| F|  |TAMS 0x0000000767200000, 0x0000000767200000| Untracked 
| 167|0x0000000767400000, 0x0000000767400000, 0x0000000767600000|  0%| F|  |TAMS 0x0000000767400000, 0x0000000767400000| Untracked 
| 168|0x0000000767600000, 0x0000000767600000, 0x0000000767800000|  0%| F|  |TAMS 0x0000000767600000, 0x0000000767600000| Untracked 
| 169|0x0000000767800000, 0x0000000767800000, 0x0000000767a00000|  0%| F|  |TAMS 0x0000000767800000, 0x0000000767800000| Untracked 
| 170|0x0000000767a00000, 0x0000000767a00000, 0x0000000767c00000|  0%| F|  |TAMS 0x0000000767a00000, 0x0000000767a00000| Untracked 
| 171|0x0000000767c00000, 0x0000000767c00000, 0x0000000767e00000|  0%| F|  |TAMS 0x0000000767c00000, 0x0000000767c00000| Untracked 
| 172|0x0000000767e00000, 0x0000000767e00000, 0x0000000768000000|  0%| F|  |TAMS 0x0000000767e00000, 0x0000000767e00000| Untracked 
| 173|0x0000000768000000, 0x0000000768000000, 0x0000000768200000|  0%| F|  |TAMS 0x0000000768000000, 0x0000000768000000| Untracked 
| 174|0x0000000768200000, 0x0000000768200000, 0x0000000768400000|  0%| F|  |TAMS 0x0000000768200000, 0x0000000768200000| Untracked 
| 175|0x0000000768400000, 0x0000000768400000, 0x0000000768600000|  0%| F|  |TAMS 0x0000000768400000, 0x0000000768400000| Untracked 
| 176|0x0000000768600000, 0x0000000768600000, 0x0000000768800000|  0%| F|  |TAMS 0x0000000768600000, 0x0000000768600000| Untracked 
| 177|0x0000000768800000, 0x0000000768800000, 0x0000000768a00000|  0%| F|  |TAMS 0x0000000768800000, 0x0000000768800000| Untracked 
| 178|0x0000000768a00000, 0x0000000768a00000, 0x0000000768c00000|  0%| F|  |TAMS 0x0000000768a00000, 0x0000000768a00000| Untracked 
| 179|0x0000000768c00000, 0x0000000768c00000, 0x0000000768e00000|  0%| F|  |TAMS 0x0000000768c00000, 0x0000000768c00000| Untracked 
| 180|0x0000000768e00000, 0x0000000768e00000, 0x0000000769000000|  0%| F|  |TAMS 0x0000000768e00000, 0x0000000768e00000| Untracked 
| 181|0x0000000769000000, 0x0000000769000000, 0x0000000769200000|  0%| F|  |TAMS 0x0000000769000000, 0x0000000769000000| Untracked 
| 182|0x0000000769200000, 0x0000000769200000, 0x0000000769400000|  0%| F|  |TAMS 0x0000000769200000, 0x0000000769200000| Untracked 
| 183|0x0000000769400000, 0x0000000769400000, 0x0000000769600000|  0%| F|  |TAMS 0x0000000769400000, 0x0000000769400000| Untracked 
| 184|0x0000000769600000, 0x0000000769600000, 0x0000000769800000|  0%| F|  |TAMS 0x0000000769600000, 0x0000000769600000| Untracked 
| 185|0x0000000769800000, 0x0000000769800000, 0x0000000769a00000|  0%| F|  |TAMS 0x0000000769800000, 0x0000000769800000| Untracked 
| 186|0x0000000769a00000, 0x0000000769a00000, 0x0000000769c00000|  0%| F|  |TAMS 0x0000000769a00000, 0x0000000769a00000| Untracked 
| 187|0x0000000769c00000, 0x0000000769c00000, 0x0000000769e00000|  0%| F|  |TAMS 0x0000000769c00000, 0x0000000769c00000| Untracked 
| 188|0x0000000769e00000, 0x0000000769e00000, 0x000000076a000000|  0%| F|  |TAMS 0x0000000769e00000, 0x0000000769e00000| Untracked 
| 189|0x000000076a000000, 0x000000076a000000, 0x000000076a200000|  0%| F|  |TAMS 0x000000076a000000, 0x000000076a000000| Untracked 
| 190|0x000000076a200000, 0x000000076a200000, 0x000000076a400000|  0%| F|  |TAMS 0x000000076a200000, 0x000000076a200000| Untracked 
| 191|0x000000076a400000, 0x000000076a400000, 0x000000076a600000|  0%| F|  |TAMS 0x000000076a400000, 0x000000076a400000| Untracked 
| 192|0x000000076a600000, 0x000000076a600000, 0x000000076a800000|  0%| F|  |TAMS 0x000000076a600000, 0x000000076a600000| Untracked 
| 193|0x000000076a800000, 0x000000076a800000, 0x000000076aa00000|  0%| F|  |TAMS 0x000000076a800000, 0x000000076a800000| Untracked 
| 194|0x000000076aa00000, 0x000000076aa00000, 0x000000076ac00000|  0%| F|  |TAMS 0x000000076aa00000, 0x000000076aa00000| Untracked 
| 195|0x000000076ac00000, 0x000000076ac00000, 0x000000076ae00000|  0%| F|  |TAMS 0x000000076ac00000, 0x000000076ac00000| Untracked 
| 196|0x000000076ae00000, 0x000000076ae00000, 0x000000076b000000|  0%| F|  |TAMS 0x000000076ae00000, 0x000000076ae00000| Untracked 
| 197|0x000000076b000000, 0x000000076b000000, 0x000000076b200000|  0%| F|  |TAMS 0x000000076b000000, 0x000000076b000000| Untracked 
| 198|0x000000076b200000, 0x000000076b200000, 0x000000076b400000|  0%| F|  |TAMS 0x000000076b200000, 0x000000076b200000| Untracked 
| 199|0x000000076b400000, 0x000000076b400000, 0x000000076b600000|  0%| F|  |TAMS 0x000000076b400000, 0x000000076b400000| Untracked 
| 200|0x000000076b600000, 0x000000076b600000, 0x000000076b800000|  0%| F|  |TAMS 0x000000076b600000, 0x000000076b600000| Untracked 
| 201|0x000000076b800000, 0x000000076b800000, 0x000000076ba00000|  0%| F|  |TAMS 0x000000076b800000, 0x000000076b800000| Untracked 
| 202|0x000000076ba00000, 0x000000076ba00000, 0x000000076bc00000|  0%| F|  |TAMS 0x000000076ba00000, 0x000000076ba00000| Untracked 
| 203|0x000000076bc00000, 0x000000076bc00000, 0x000000076be00000|  0%| F|  |TAMS 0x000000076bc00000, 0x000000076bc00000| Untracked 
| 204|0x000000076be00000, 0x000000076be00000, 0x000000076c000000|  0%| F|  |TAMS 0x000000076be00000, 0x000000076be00000| Untracked 
| 205|0x000000076c000000, 0x000000076c000000, 0x000000076c200000|  0%| F|  |TAMS 0x000000076c000000, 0x000000076c000000| Untracked 
| 206|0x000000076c200000, 0x000000076c200000, 0x000000076c400000|  0%| F|  |TAMS 0x000000076c200000, 0x000000076c200000| Untracked 
| 207|0x000000076c400000, 0x000000076c400000, 0x000000076c600000|  0%| F|  |TAMS 0x000000076c400000, 0x000000076c400000| Untracked 
| 208|0x000000076c600000, 0x000000076c600000, 0x000000076c800000|  0%| F|  |TAMS 0x000000076c600000, 0x000000076c600000| Untracked 
| 209|0x000000076c800000, 0x000000076c800000, 0x000000076ca00000|  0%| F|  |TAMS 0x000000076c800000, 0x000000076c800000| Untracked 
| 210|0x000000076ca00000, 0x000000076ca00000, 0x000000076cc00000|  0%| F|  |TAMS 0x000000076ca00000, 0x000000076ca00000| Untracked 
| 211|0x000000076cc00000, 0x000000076cc00000, 0x000000076ce00000|  0%| F|  |TAMS 0x000000076cc00000, 0x000000076cc00000| Untracked 
| 212|0x000000076ce00000, 0x000000076ce00000, 0x000000076d000000|  0%| F|  |TAMS 0x000000076ce00000, 0x000000076ce00000| Untracked 
| 213|0x000000076d000000, 0x000000076d000000, 0x000000076d200000|  0%| F|  |TAMS 0x000000076d000000, 0x000000076d000000| Untracked 
| 214|0x000000076d200000, 0x000000076d200000, 0x000000076d400000|  0%| F|  |TAMS 0x000000076d200000, 0x000000076d200000| Untracked 
| 215|0x000000076d400000, 0x000000076d400000, 0x000000076d600000|  0%| F|  |TAMS 0x000000076d400000, 0x000000076d400000| Untracked 
| 216|0x000000076d600000, 0x000000076d600000, 0x000000076d800000|  0%| F|  |TAMS 0x000000076d600000, 0x000000076d600000| Untracked 
| 217|0x000000076d800000, 0x000000076d800000, 0x000000076da00000|  0%| F|  |TAMS 0x000000076d800000, 0x000000076d800000| Untracked 
| 218|0x000000076da00000, 0x000000076da00000, 0x000000076dc00000|  0%| F|  |TAMS 0x000000076da00000, 0x000000076da00000| Untracked 
| 219|0x000000076dc00000, 0x000000076dc00000, 0x000000076de00000|  0%| F|  |TAMS 0x000000076dc00000, 0x000000076dc00000| Untracked 
| 220|0x000000076de00000, 0x000000076de00000, 0x000000076e000000|  0%| F|  |TAMS 0x000000076de00000, 0x000000076de00000| Untracked 
| 221|0x000000076e000000, 0x000000076e000000, 0x000000076e200000|  0%| F|  |TAMS 0x000000076e000000, 0x000000076e000000| Untracked 
| 222|0x000000076e200000, 0x000000076e200000, 0x000000076e400000|  0%| F|  |TAMS 0x000000076e200000, 0x000000076e200000| Untracked 
| 223|0x000000076e400000, 0x000000076e400000, 0x000000076e600000|  0%| F|  |TAMS 0x000000076e400000, 0x000000076e400000| Untracked 

Card table byte_map: [0x0000022573be0000,0x0000022574150000] _byte_map_base: 0x000002257014d000

Marking Bits (Prev, Next): (CMBitMap*) 0x000002255c30db90, (CMBitMap*) 0x000002255c30db50
 Prev Bits: [0x0000022577230000, 0x0000022579d98000)
 Next Bits: [0x00000225746c0000, 0x0000022577228000)

Polling page: 0x000002255a210000

Metaspace:

Usage:
  Non-class:     34.16 MB used.
      Class:      5.29 MB used.
       Both:     39.45 MB used.

Virtual space:
  Non-class space:       64.00 MB reserved,      34.44 MB ( 54%) committed,  1 nodes.
      Class space:        1.00 GB reserved,       5.50 MB ( <1%) committed,  1 nodes.
             Both:        1.06 GB reserved,      39.94 MB (  4%) committed. 

Chunk freelists:
   Non-Class:  13.48 MB
       Class:  10.34 MB
        Both:  23.83 MB

MaxMetaspaceSize: unlimited
CompressedClassSpaceSize: 1.00 GB
Initial GC threshold: 21.00 MB
Current GC threshold: 54.94 MB
CDS: on
MetaspaceReclaimPolicy: balanced
 - commit_granule_bytes: 65536.
 - commit_granule_words: 8192.
 - virtual_space_node_default_size: 8388608.
 - enlarge_chunks_in_place: 1.
 - new_chunks_are_fully_committed: 0.
 - uncommit_free_chunks: 1.
 - use_allocation_guard: 0.
 - handle_deallocations: 1.


Internal statistics:

num_allocs_failed_limit: 3.
num_arena_births: 568.
num_arena_deaths: 0.
num_vsnodes_births: 2.
num_vsnodes_deaths: 0.
num_space_committed: 639.
num_space_uncommitted: 0.
num_chunks_returned_to_freelist: 3.
num_chunks_taken_from_freelist: 2127.
num_chunk_merges: 3.
num_chunk_splits: 1475.
num_chunks_enlarged: 1098.
num_inconsistent_stats: 0.

CodeHeap 'non-profiled nmethods': size=119168Kb used=4712Kb max_used=4712Kb free=114455Kb
 bounds [0x000002256b980000, 0x000002256be20000, 0x0000022572de0000]
CodeHeap 'profiled nmethods': size=119104Kb used=14100Kb max_used=14100Kb free=105003Kb
 bounds [0x0000022563de0000, 0x0000022564bb0000, 0x000002256b230000]
CodeHeap 'non-nmethods': size=7488Kb used=2917Kb max_used=3019Kb free=4570Kb
 bounds [0x000002256b230000, 0x000002256b530000, 0x000002256b980000]
 total_blobs=6433 nmethods=5900 adapters=442
 compilation: enabled
              stopped_count=0, restarted_count=0
 full_count=0

Compilation events (20 events):
Event: 6.862 Thread 0x000002257e16b210 nmethod 6565 0x000002256be07c90 code [0x000002256be07e20, 0x000002256be080f8]
Event: 6.862 Thread 0x000002257e16b210 6564       4       sun.nio.ch.FileChannelImpl::beginBlocking (12 bytes)
Event: 6.862 Thread 0x000002257e3fa060 nmethod 6558 0x000002256be08290 code [0x000002256be08440, 0x000002256be08958]
Event: 6.865 Thread 0x000002257e16b210 nmethod 6564 0x000002256be08b10 code [0x000002256be08ca0, 0x000002256be09198]
Event: 6.870 Thread 0x000002257e4e7a10 nmethod 6589 0x000002256be09390 code [0x000002256be09580, 0x000002256be0a1a8]
Event: 6.877 Thread 0x000002257e4e7a10 6590       4       java.lang.Thread::interrupted (23 bytes)
Event: 6.877 Thread 0x000002257e4e7a10 nmethod 6590 0x000002256be0a890 code [0x000002256be0aa20, 0x000002256be0aac8]
Event: 6.877 Thread 0x000002257e16b210 6591   !   4       nonapi.io.github.classgraph.fastzipfilereader.NestedJarHandler$7::read (225 bytes)
Event: 6.880 Thread 0x000002257e4e7a10 6592   !   4       nonapi.io.github.classgraph.fastzipfilereader.NestedJarHandler$7::close (37 bytes)
Event: 6.880 Thread 0x000002257e3fa060 6593   !   4       java.util.concurrent.LinkedBlockingQueue::take (91 bytes)
Event: 6.881 Thread 0x000002257cd3ebb0 6594       3       java.util.concurrent.locks.AbstractQueuedSynchronizer::acquireInterruptibly (36 bytes)
Event: 6.882 Thread 0x000002257cd3ebb0 nmethod 6594 0x0000022564ba5490 code [0x0000022564ba5680, 0x0000022564ba5b18]
Event: 6.884 Thread 0x000002257e4e7a10 nmethod 6592 0x000002256be0ab90 code [0x000002256be0ad40, 0x000002256be0af38]
Event: 6.899 Thread 0x000002257e16b210 nmethod 6591 0x000002256be0b110 code [0x000002256be0b320, 0x000002256be0c6f8]
Event: 6.907 Thread 0x000002257e4e7a10 6595   !   4       nonapi.io.github.classgraph.fileslice.reader.ClassfileReader::close (43 bytes)
Event: 6.911 Thread 0x000002257e3fa060 nmethod 6593 0x000002256be0d190 code [0x000002256be0d440, 0x000002256be0e828]
Event: 6.912 Thread 0x000002257e4e7a10 nmethod 6595 0x000002256be0f490 code [0x000002256be0f660, 0x000002256be0fa28]
Event: 6.948 Thread 0x000002257d002820 nmethod 6469 0x000002256be0fd10 code [0x000002256be10180, 0x000002256be16b20]
Event: 6.949 Thread 0x000002257e4e7a10 6596       4       nonapi.io.github.classgraph.fileslice.Slice::open (30 bytes)
Event: 6.950 Thread 0x000002257e4e7a10 nmethod 6596 0x000002256be19e10 code [0x000002256be19fc0, 0x000002256be1a1b8]

GC Heap History (20 events):
Event: 4.731 GC heap after
{Heap after GC invocations=17 (full 0):
 garbage-first heap   total 229376K, used 54404K [0x0000000752600000, 0x0000000800000000)
  region size 2048K, 2 young (4096K), 2 survivors (4096K)
 Metaspace       used 33284K, committed 33728K, reserved 1114112K
  class space    used 4083K, committed 4288K, reserved 1048576K
}
Event: 4.833 GC heap before
{Heap before GC invocations=18 (full 0):
 garbage-first heap   total 229376K, used 152708K [0x0000000752600000, 0x0000000800000000)
  region size 2048K, 51 young (104448K), 2 survivors (4096K)
 Metaspace       used 33285K, committed 33728K, reserved 1114112K
  class space    used 4083K, committed 4288K, reserved 1048576K
}
Event: 4.842 GC heap after
{Heap after GC invocations=19 (full 0):
 garbage-first heap   total 229376K, used 61485K [0x0000000752600000, 0x0000000800000000)
  region size 2048K, 5 young (10240K), 5 survivors (10240K)
 Metaspace       used 33285K, committed 33728K, reserved 1114112K
  class space    used 4083K, committed 4288K, reserved 1048576K
}
Event: 4.920 GC heap before
{Heap before GC invocations=19 (full 0):
 garbage-first heap   total 229376K, used 163885K [0x0000000752600000, 0x0000000800000000)
  region size 2048K, 56 young (114688K), 5 survivors (10240K)
 Metaspace       used 33285K, committed 33728K, reserved 1114112K
  class space    used 4083K, committed 4288K, reserved 1048576K
}
Event: 4.931 GC heap after
{Heap after GC invocations=20 (full 0):
 garbage-first heap   total 229376K, used 68676K [0x0000000752600000, 0x0000000800000000)
  region size 2048K, 4 young (8192K), 4 survivors (8192K)
 Metaspace       used 33285K, committed 33728K, reserved 1114112K
  class space    used 4083K, committed 4288K, reserved 1048576K
}
Event: 5.007 GC heap before
{Heap before GC invocations=20 (full 0):
 garbage-first heap   total 229376K, used 169028K [0x0000000752600000, 0x0000000800000000)
  region size 2048K, 54 young (110592K), 4 survivors (8192K)
 Metaspace       used 33285K, committed 33728K, reserved 1114112K
  class space    used 4083K, committed 4288K, reserved 1048576K
}
Event: 5.016 GC heap after
{Heap after GC invocations=21 (full 0):
 garbage-first heap   total 229376K, used 74087K [0x0000000752600000, 0x0000000800000000)
  region size 2048K, 7 young (14336K), 7 survivors (14336K)
 Metaspace       used 33285K, committed 33728K, reserved 1114112K
  class space    used 4083K, committed 4288K, reserved 1048576K
}
Event: 5.084 GC heap before
{Heap before GC invocations=21 (full 0):
 garbage-first heap   total 229376K, used 172391K [0x0000000752600000, 0x0000000800000000)
  region size 2048K, 56 young (114688K), 7 survivors (14336K)
 Metaspace       used 33285K, committed 33728K, reserved 1114112K
  class space    used 4083K, committed 4288K, reserved 1048576K
}
Event: 5.094 GC heap after
{Heap after GC invocations=22 (full 0):
 garbage-first heap   total 229376K, used 78952K [0x0000000752600000, 0x0000000800000000)
  region size 2048K, 6 young (12288K), 6 survivors (12288K)
 Metaspace       used 33285K, committed 33728K, reserved 1114112K
  class space    used 4083K, committed 4288K, reserved 1048576K
}
Event: 5.174 GC heap before
{Heap before GC invocations=22 (full 0):
 garbage-first heap   total 229376K, used 177256K [0x0000000752600000, 0x0000000800000000)
  region size 2048K, 55 young (112640K), 6 survivors (12288K)
 Metaspace       used 33285K, committed 33728K, reserved 1114112K
  class space    used 4083K, committed 4288K, reserved 1048576K
}
Event: 5.187 GC heap after
{Heap after GC invocations=23 (full 0):
 garbage-first heap   total 458752K, used 86227K [0x0000000752600000, 0x0000000800000000)
  region size 2048K, 6 young (12288K), 6 survivors (12288K)
 Metaspace       used 33285K, committed 33728K, reserved 1114112K
  class space    used 4083K, committed 4288K, reserved 1048576K
}
Event: 5.436 GC heap before
{Heap before GC invocations=23 (full 0):
 garbage-first heap   total 458752K, used 348371K [0x0000000752600000, 0x0000000800000000)
  region size 2048K, 135 young (276480K), 6 survivors (12288K)
 Metaspace       used 33285K, committed 33728K, reserved 1114112K
  class space    used 4083K, committed 4288K, reserved 1048576K
}
Event: 5.451 GC heap after
{Heap after GC invocations=24 (full 0):
 garbage-first heap   total 458752K, used 106825K [0x0000000752600000, 0x0000000800000000)
  region size 2048K, 15 young (30720K), 15 survivors (30720K)
 Metaspace       used 33285K, committed 33728K, reserved 1114112K
  class space    used 4083K, committed 4288K, reserved 1048576K
}
Event: 5.624 GC heap before
{Heap before GC invocations=24 (full 0):
 garbage-first heap   total 458752K, used 346441K [0x0000000752600000, 0x0000000800000000)
  region size 2048K, 133 young (272384K), 15 survivors (30720K)
 Metaspace       used 33287K, committed 33728K, reserved 1114112K
  class space    used 4083K, committed 4288K, reserved 1048576K
}
Event: 5.643 GC heap after
{Heap after GC invocations=25 (full 0):
 garbage-first heap   total 458752K, used 123930K [0x0000000752600000, 0x0000000800000000)
  region size 2048K, 9 young (18432K), 9 survivors (18432K)
 Metaspace       used 33287K, committed 33728K, reserved 1114112K
  class space    used 4083K, committed 4288K, reserved 1048576K
}
Event: 6.620 GC heap before
{Heap before GC invocations=25 (full 0):
 garbage-first heap   total 458752K, used 355354K [0x0000000752600000, 0x0000000800000000)
  region size 2048K, 123 young (251904K), 9 survivors (18432K)
 Metaspace       used 40352K, committed 40832K, reserved 1114112K
  class space    used 5414K, committed 5632K, reserved 1048576K
}
Event: 6.641 GC heap after
{Heap after GC invocations=26 (full 0):
 garbage-first heap   total 458752K, used 146272K [0x0000000752600000, 0x0000000800000000)
  region size 2048K, 16 young (32768K), 16 survivors (32768K)
 Metaspace       used 40352K, committed 40832K, reserved 1114112K
  class space    used 5414K, committed 5632K, reserved 1048576K
}
Event: 6.827 GC heap before
{Heap before GC invocations=26 (full 0):
 garbage-first heap   total 458752K, used 349024K [0x0000000752600000, 0x0000000800000000)
  region size 2048K, 116 young (237568K), 16 survivors (32768K)
 Metaspace       used 40395K, committed 40896K, reserved 1114112K
  class space    used 5414K, committed 5632K, reserved 1048576K
}
Event: 6.850 GC heap after
{Heap after GC invocations=27 (full 0):
 garbage-first heap   total 458752K, used 168456K [0x0000000752600000, 0x0000000800000000)
  region size 2048K, 11 young (22528K), 11 survivors (22528K)
 Metaspace       used 40395K, committed 40896K, reserved 1114112K
  class space    used 5414K, committed 5632K, reserved 1048576K
}
Event: 6.958 GC heap before
{Heap before GC invocations=27 (full 0):
 garbage-first heap   total 458752K, used 356872K [0x0000000752600000, 0x0000000800000000)
  region size 2048K, 104 young (212992K), 11 survivors (22528K)
 Metaspace       used 40395K, committed 40896K, reserved 1114112K
  class space    used 5414K, committed 5632K, reserved 1048576K
}

Dll operation events (7 events):
Event: 0.006 Loaded shared library D:\Programas\JAVA\jdk\bin\java.dll
Event: 0.020 Loaded shared library D:\Programas\JAVA\jdk\bin\jsvml.dll
Event: 0.089 Loaded shared library D:\Programas\JAVA\jdk\bin\net.dll
Event: 0.090 Loaded shared library D:\Programas\JAVA\jdk\bin\nio.dll
Event: 0.094 Loaded shared library D:\Programas\JAVA\jdk\bin\zip.dll
Event: 0.225 Loaded shared library D:\Programas\JAVA\jdk\bin\jimage.dll
Event: 1.262 Loaded shared library D:\Programas\JAVA\jdk\bin\sunmscapi.dll

Deoptimization events (20 events):
Event: 6.681 Thread 0x000002257f12b7e0 DEOPT PACKING pc=0x000002256bb8a108 sp=0x00000089415ff040
Event: 6.681 Thread 0x000002257f12b7e0 DEOPT UNPACKING pc=0x000002256b2869a3 sp=0x00000089415feff8 mode 2
Event: 6.681 Thread 0x000002257f12c710 DEOPT PACKING pc=0x000002256bb8a108 sp=0x0000008941bfece0
Event: 6.681 Thread 0x000002257f12e570 DEOPT PACKING pc=0x000002256bb8a108 sp=0x00000089418feef0
Event: 6.681 Thread 0x000002257f12c710 DEOPT UNPACKING pc=0x000002256b2869a3 sp=0x0000008941bfec98 mode 2
Event: 6.681 Thread 0x000002257f12b2d0 DEOPT PACKING pc=0x000002256bb8a108 sp=0x0000008940dfea30
Event: 6.681 Thread 0x000002257f12b2d0 DEOPT UNPACKING pc=0x000002256b2869a3 sp=0x0000008940dfe9e8 mode 2
Event: 6.681 Thread 0x000002257f12e570 DEOPT UNPACKING pc=0x000002256b2869a3 sp=0x00000089418feea8 mode 2
Event: 6.681 Thread 0x000002257f12c200 DEOPT PACKING pc=0x000002256bcb7b6c sp=0x00000089417fea90
Event: 6.681 Thread 0x000002257f12c200 DEOPT UNPACKING pc=0x000002256b2869a3 sp=0x00000089417fea60 mode 2
Event: 6.681 Thread 0x000002257ef046e0 DEOPT PACKING pc=0x000002256bcb7b6c sp=0x00000089424fe910
Event: 6.681 Thread 0x000002257f129e90 DEOPT PACKING pc=0x000002256bcb7b6c sp=0x00000089412ff120
Event: 6.681 Thread 0x000002257ef046e0 DEOPT UNPACKING pc=0x000002256b2869a3 sp=0x00000089424fe8e0 mode 2
Event: 6.681 Thread 0x000002257f129e90 DEOPT UNPACKING pc=0x000002256b2869a3 sp=0x00000089412ff0f0 mode 2
Event: 6.681 Thread 0x000002257f12a3a0 DEOPT PACKING pc=0x000002256bcb7b6c sp=0x0000008941cfede0
Event: 6.681 Thread 0x000002257f12a3a0 DEOPT UNPACKING pc=0x000002256b2869a3 sp=0x0000008941cfedb0 mode 2
Event: 6.731 Thread 0x000002257f12b2d0 Uncommon trap: trap_request=0xffffff45 fr.pc=0x000002256bd048e4 relative=0x0000000000001644
Event: 6.731 Thread 0x000002257f12b2d0 Uncommon trap: reason=unstable_if action=reinterpret pc=0x000002256bd048e4 method=java.util.concurrent.ConcurrentLinkedQueue.poll()Ljava/lang/Object; @ 73 c2
Event: 6.731 Thread 0x000002257f12b2d0 DEOPT PACKING pc=0x000002256bd048e4 sp=0x0000008940dfe9a0
Event: 6.731 Thread 0x000002257f12b2d0 DEOPT UNPACKING pc=0x000002256b2869a3 sp=0x0000008940dfe7c0 mode 2

Classes loaded (20 events):
Event: 4.205 Loading class sun/nio/ch/Interruptible done
Event: 4.205 Loading class java/nio/channels/spi/AbstractInterruptibleChannel$1 done
Event: 4.208 Loading class java/nio/ReadOnlyBufferException
Event: 4.208 Loading class java/nio/ReadOnlyBufferException done
Event: 4.213 Loading class java/util/zip/DataFormatException
Event: 4.214 Loading class java/util/zip/DataFormatException done
Event: 4.348 Loading class java/util/concurrent/locks/AbstractQueuedSynchronizer$ConditionNode
Event: 4.349 Loading class java/util/concurrent/locks/AbstractQueuedSynchronizer$Node
Event: 4.350 Loading class java/util/concurrent/locks/AbstractQueuedSynchronizer$Node done
Event: 4.350 Loading class java/util/concurrent/locks/AbstractQueuedSynchronizer$ConditionNode done
Event: 4.350 Loading class java/util/concurrent/locks/AbstractQueuedSynchronizer$ExclusiveNode
Event: 4.362 Loading class java/util/concurrent/locks/AbstractQueuedSynchronizer$ExclusiveNode done
Event: 4.661 Loading class jdk/internal/misc/ScopedMemoryAccess$Scope$Handle
Event: 4.661 Loading class jdk/internal/misc/ScopedMemoryAccess$Scope$Handle done
Event: 6.534 Loading class java/util/concurrent/TimeUnit$1
Event: 6.534 Loading class java/util/concurrent/TimeUnit$1 done
Event: 6.536 Loading class jdk/internal/math/FDBigInteger
Event: 6.537 Loading class jdk/internal/math/FDBigInteger done
Event: 6.545 Loading class java/util/stream/SortedOps$SizedRefSortingSink
Event: 6.545 Loading class java/util/stream/SortedOps$SizedRefSortingSink done

Classes unloaded (0 events):
No events

Classes redefined (0 events):
No events

Internal exceptions (20 events):
Event: 6.528 Thread 0x000002255c2b8180 Exception <a 'java/lang/ClassNotFoundException'{0x000000076271e320}: org/primefaces/validate/LongRangeValidator> (0x000000076271e320) 
thrown [s\src\hotspot\share\classfile\systemDictionary.cpp, line 256]
Event: 6.529 Thread 0x000002255c2b8180 Exception <a 'java/lang/ClassNotFoundException'{0x0000000762721d18}: org/primefaces/validate/RegexValidator> (0x0000000762721d18) 
thrown [s\src\hotspot\share\classfile\systemDictionary.cpp, line 256]
Event: 6.529 Thread 0x000002255c2b8180 Exception <a 'java/lang/ClassNotFoundException'{0x0000000762725838}: com/sun/faces/push/WebsocketChannelManager$ViewScope> (0x0000000762725838) 
thrown [s\src\hotspot\share\classfile\systemDictionary.cpp, line 256]
Event: 6.530 Thread 0x000002255c2b8180 Exception <a 'java/lang/ClassNotFoundException'{0x0000000762728ba0}: org/omnifaces/cdi/push/SocketChannelManager$ViewScope> (0x0000000762728ba0) 
thrown [s\src\hotspot\share\classfile\systemDictionary.cpp, line 256]
Event: 6.544 Thread 0x000002255c2b8180 Implicit null exception at 0x000002256bb6e5ec to 0x000002256bb6e694
Event: 6.548 Thread 0x000002255c2b8180 Exception <a 'sun/nio/fs/WindowsException'{0x00000007627a02d8}> (0x00000007627a02d8) 
thrown [s\src\hotspot\share\prims\jni.cpp, line 516]
Event: 6.548 Thread 0x000002255c2b8180 Exception <a 'sun/nio/fs/WindowsException'{0x00000007627a07e8}> (0x00000007627a07e8) 
thrown [s\src\hotspot\share\prims\jni.cpp, line 516]
Event: 6.549 Thread 0x000002255c2b8180 Exception <a 'sun/nio/fs/WindowsException'{0x00000007627db430}> (0x00000007627db430) 
thrown [s\src\hotspot\share\prims\jni.cpp, line 516]
Event: 6.549 Thread 0x000002255c2b8180 Exception <a 'sun/nio/fs/WindowsException'{0x00000007627db910}> (0x00000007627db910) 
thrown [s\src\hotspot\share\prims\jni.cpp, line 516]
Event: 6.549 Thread 0x000002255c2b8180 Exception <a 'sun/nio/fs/WindowsException'{0x00000007627dbcd0}> (0x00000007627dbcd0) 
thrown [s\src\hotspot\share\prims\jni.cpp, line 516]
Event: 6.549 Thread 0x000002255c2b8180 Exception <a 'sun/nio/fs/WindowsException'{0x00000007627dc470}> (0x00000007627dc470) 
thrown [s\src\hotspot\share\prims\jni.cpp, line 516]
Event: 6.549 Thread 0x000002255c2b8180 Exception <a 'sun/nio/fs/WindowsException'{0x00000007627dc7f8}> (0x00000007627dc7f8) 
thrown [s\src\hotspot\share\prims\jni.cpp, line 516]
Event: 6.549 Thread 0x000002255c2b8180 Exception <a 'sun/nio/fs/WindowsException'{0x00000007627dcf80}> (0x00000007627dcf80) 
thrown [s\src\hotspot\share\prims\jni.cpp, line 516]
Event: 6.564 Thread 0x000002257f12b7e0 Implicit null exception at 0x000002256bcc3551 to 0x000002256bcc4ec0
Event: 6.680 Thread 0x000002257f12db50 Implicit null exception at 0x000002256bb89f75 to 0x000002256bb8a0f4
Event: 6.680 Thread 0x000002257f127b20 Implicit null exception at 0x000002256bb89f75 to 0x000002256bb8a0f4
Event: 6.680 Thread 0x000002257f12b7e0 Implicit null exception at 0x000002256bb89f75 to 0x000002256bb8a0f4
Event: 6.680 Thread 0x000002257f12c710 Implicit null exception at 0x000002256bb89f75 to 0x000002256bb8a0f4
Event: 6.680 Thread 0x000002257f12e570 Implicit null exception at 0x000002256bb89f75 to 0x000002256bb8a0f4
Event: 6.680 Thread 0x000002257f12b2d0 Implicit null exception at 0x000002256bb89f75 to 0x000002256bb8a0f4

VM Operations (20 events):
Event: 5.094 Executing VM operation: G1CollectForAllocation done
Event: 5.174 Executing VM operation: G1CollectForAllocation
Event: 5.174 Executing VM operation: G1CollectForAllocation done
Event: 5.174 Executing VM operation: G1CollectForAllocation
Event: 5.187 Executing VM operation: G1CollectForAllocation done
Event: 5.424 Executing VM operation: HandshakeAllThreads
Event: 5.425 Executing VM operation: HandshakeAllThreads done
Event: 5.435 Executing VM operation: G1CollectForAllocation
Event: 5.436 Executing VM operation: G1CollectForAllocation done
Event: 5.436 Executing VM operation: G1CollectForAllocation
Event: 5.451 Executing VM operation: G1CollectForAllocation done
Event: 5.624 Executing VM operation: G1CollectForAllocation
Event: 5.643 Executing VM operation: G1CollectForAllocation done
Event: 5.913 Executing VM operation: HandshakeAllThreads
Event: 5.913 Executing VM operation: HandshakeAllThreads done
Event: 6.619 Executing VM operation: G1CollectForAllocation
Event: 6.641 Executing VM operation: G1CollectForAllocation done
Event: 6.827 Executing VM operation: G1CollectForAllocation
Event: 6.851 Executing VM operation: G1CollectForAllocation done
Event: 6.958 Executing VM operation: G1CollectForAllocation

Memory protections (0 events):
No events

Nmethod flushes (20 events):
Event: 3.732 Thread 0x000002257cd419c0 flushing  nmethod 0x0000022564689910
Event: 3.733 Thread 0x000002257cd419c0 flushing  nmethod 0x00000225646e6290
Event: 3.733 Thread 0x000002257cd419c0 flushing  nmethod 0x00000225646e6e10
Event: 3.733 Thread 0x000002257cd419c0 flushing  nmethod 0x00000225646e8a10
Event: 3.733 Thread 0x000002257cd419c0 flushing  nmethod 0x00000225646eff90
Event: 3.733 Thread 0x000002257cd419c0 flushing  nmethod 0x00000225646f3190
Event: 3.733 Thread 0x000002257cd419c0 flushing  nmethod 0x00000225646ff190
Event: 3.733 Thread 0x000002257cd419c0 flushing  nmethod 0x0000022564707810
Event: 3.733 Thread 0x000002257cd419c0 flushing  nmethod 0x0000022564707e90
Event: 3.733 Thread 0x000002257cd419c0 flushing  nmethod 0x0000022564780610
Event: 3.734 Thread 0x000002257cd419c0 flushing  nmethod 0x0000022564826510
Event: 3.734 Thread 0x000002257cd419c0 flushing  nmethod 0x0000022564826890
Event: 3.734 Thread 0x000002257cd419c0 flushing  nmethod 0x0000022564827590
Event: 3.734 Thread 0x000002257cd419c0 flushing  nmethod 0x0000022564851790
Event: 3.734 Thread 0x000002257cd419c0 flushing  nmethod 0x000002256485b810
Event: 3.734 Thread 0x000002257cd419c0 flushing  nmethod 0x000002256485be10
Event: 3.734 Thread 0x000002257cd419c0 flushing  nmethod 0x000002256485c490
Event: 3.734 Thread 0x000002257cd419c0 flushing  nmethod 0x00000225648cc810
Event: 5.426 Thread 0x000002257cd419c0 flushing  nmethod 0x000002256bb84010
Event: 5.456 Thread 0x000002257cd419c0 flushing  nmethod 0x0000022564831090

Events (20 events):
Event: 6.560 Thread 0x000002257f12b2d0 Thread added: 0x000002257f12a8b0
Event: 6.560 Thread 0x000002257f12b2d0 Thread added: 0x000002257f129e90
Event: 6.560 Thread 0x000002257f12b2d0 Thread added: 0x000002257f126bf0
Event: 6.560 Thread 0x000002257f12b2d0 Thread added: 0x000002257f12e060
Event: 6.560 Thread 0x000002257f12b2d0 Thread added: 0x000002257f12b7e0
Event: 6.560 Thread 0x000002257f12b2d0 Thread added: 0x000002257f127610
Event: 6.560 Thread 0x000002257f12b2d0 Thread added: 0x000002257f12c200
Event: 6.560 Thread 0x000002257f12b2d0 Thread added: 0x000002257f12e570
Event: 6.561 Thread 0x000002257f12b2d0 Thread added: 0x000002257f128a50
Event: 6.561 Thread 0x000002257f12b2d0 Thread added: 0x000002257f127100
Event: 6.561 Thread 0x000002257f12b2d0 Thread added: 0x000002257f12c710
Event: 6.561 Thread 0x000002257f12b2d0 Thread added: 0x000002257f12a3a0
Event: 6.561 Thread 0x000002257f12b2d0 Thread added: 0x000002257f12cc20
Event: 6.561 Thread 0x000002257f12b2d0 Thread added: 0x000002257f12d130
Event: 6.562 Thread 0x000002257f12b2d0 Thread added: 0x000002257f127b20
Event: 6.562 Thread 0x000002257f12b2d0 Thread added: 0x000002257f12d640
Event: 6.564 Thread 0x000002257f12b2d0 Thread added: 0x000002257f128030
Event: 6.565 Thread 0x000002257f12b2d0 Thread added: 0x000002257f128f60
Event: 6.565 Thread 0x000002257f12b2d0 Thread added: 0x000002257f129470
Event: 6.565 Thread 0x000002257f12b2d0 Thread added: 0x000002257ef046e0


Dynamic libraries:
0x00007ff77f000000 - 0x00007ff77f00e000 	D:\Programas\JAVA\jdk\bin\java.exe
0x00007ff905a10000 - 0x00007ff905c27000 	C:\Windows\SYSTEM32\ntdll.dll
0x00007ff903ad0000 - 0x00007ff903b94000 	C:\Windows\System32\KERNEL32.DLL
0x00007ff902d60000 - 0x00007ff903130000 	C:\Windows\System32\KERNELBASE.dll
0x00007ff903530000 - 0x00007ff903641000 	C:\Windows\System32\ucrtbase.dll
0x00007ff8fdc60000 - 0x00007ff8fdc7b000 	D:\Programas\JAVA\jdk\bin\VCRUNTIME140.dll
0x00007ff8fdc80000 - 0x00007ff8fdc97000 	D:\Programas\JAVA\jdk\bin\jli.dll
0x00007ff905220000 - 0x00007ff9053ce000 	C:\Windows\System32\USER32.dll
0x00007ff8e3d70000 - 0x00007ff8e4002000 	C:\Windows\WinSxS\amd64_microsoft.windows.common-controls_6595b64144ccf1df_6.0.22621.4830_none_270fe7d773858e80\COMCTL32.dll
0x00007ff903650000 - 0x00007ff903676000 	C:\Windows\System32\win32u.dll
0x00007ff904620000 - 0x00007ff9046c7000 	C:\Windows\System32\msvcrt.dll
0x00007ff905030000 - 0x00007ff905059000 	C:\Windows\System32\GDI32.dll
0x00007ff9031b0000 - 0x00007ff9032cb000 	C:\Windows\System32\gdi32full.dll
0x00007ff902cc0000 - 0x00007ff902d5a000 	C:\Windows\System32\msvcp_win.dll
0x00007ff903ed0000 - 0x00007ff903f01000 	C:\Windows\System32\IMM32.DLL
0x00007ff8fdc50000 - 0x00007ff8fdc5c000 	D:\Programas\JAVA\jdk\bin\vcruntime140_1.dll
0x00007ff8e6400000 - 0x00007ff8e648d000 	D:\Programas\JAVA\jdk\bin\msvcp140.dll
0x00007ff8c4dc0000 - 0x00007ff8c5a2c000 	D:\Programas\JAVA\jdk\bin\server\jvm.dll
0x00007ff9053d0000 - 0x00007ff905481000 	C:\Windows\System32\ADVAPI32.dll
0x00007ff9043e0000 - 0x00007ff904487000 	C:\Windows\System32\sechost.dll
0x00007ff903390000 - 0x00007ff9033b8000 	C:\Windows\System32\bcrypt.dll
0x00007ff903780000 - 0x00007ff903894000 	C:\Windows\System32\RPCRT4.dll
0x00007ff903d90000 - 0x00007ff903e01000 	C:\Windows\System32\WS2_32.dll
0x00007ff8fd9b0000 - 0x00007ff8fd9e4000 	C:\Windows\SYSTEM32\WINMM.dll
0x00007ff902b90000 - 0x00007ff902bdd000 	C:\Windows\SYSTEM32\POWRPROF.dll
0x00007ff8f94c0000 - 0x00007ff8f94ca000 	C:\Windows\SYSTEM32\VERSION.dll
0x00007ff902b70000 - 0x00007ff902b83000 	C:\Windows\SYSTEM32\UMPDC.dll
0x00007ff901cc0000 - 0x00007ff901cd8000 	C:\Windows\SYSTEM32\kernel.appcore.dll
0x00007ff8fdc40000 - 0x00007ff8fdc4a000 	D:\Programas\JAVA\jdk\bin\jimage.dll
0x00007ff8fa8a0000 - 0x00007ff8faad2000 	C:\Windows\SYSTEM32\DBGHELP.DLL
0x00007ff905640000 - 0x00007ff9059d0000 	C:\Windows\System32\combase.dll
0x00007ff903cb0000 - 0x00007ff903d87000 	C:\Windows\System32\OLEAUT32.dll
0x00007ff8ed9d0000 - 0x00007ff8eda02000 	C:\Windows\SYSTEM32\dbgcore.DLL
0x00007ff903680000 - 0x00007ff9036fb000 	C:\Windows\System32\bcryptPrimitives.dll
0x00007ff8f2070000 - 0x00007ff8f2095000 	D:\Programas\JAVA\jdk\bin\java.dll
0x00007ff8e5040000 - 0x00007ff8e5117000 	D:\Programas\JAVA\jdk\bin\jsvml.dll
0x00007ff9047b0000 - 0x00007ff905028000 	C:\Windows\System32\SHELL32.dll
0x00007ff900bc0000 - 0x00007ff9014d0000 	C:\Windows\SYSTEM32\windows.storage.dll
0x00007ff900a80000 - 0x00007ff900bbf000 	C:\Windows\SYSTEM32\wintypes.dll
0x00007ff903ba0000 - 0x00007ff903caa000 	C:\Windows\System32\SHCORE.dll
0x00007ff903700000 - 0x00007ff90375e000 	C:\Windows\System32\shlwapi.dll
0x00007ff902bf0000 - 0x00007ff902c1b000 	C:\Windows\SYSTEM32\profapi.dll
0x00007ff8ed4e0000 - 0x00007ff8ed4f9000 	D:\Programas\JAVA\jdk\bin\net.dll
0x00007ff8fd880000 - 0x00007ff8fd9ac000 	C:\Windows\SYSTEM32\WINHTTP.dll
0x00007ff902130000 - 0x00007ff90219a000 	C:\Windows\system32\mswsock.dll
0x00007ff8ed4c0000 - 0x00007ff8ed4d6000 	D:\Programas\JAVA\jdk\bin\nio.dll
0x00007ff8ea990000 - 0x00007ff8ea9a8000 	D:\Programas\JAVA\jdk\bin\zip.dll
0x00007ff8fa090000 - 0x00007ff8fa09e000 	D:\Programas\JAVA\jdk\bin\sunmscapi.dll
0x00007ff9033c0000 - 0x00007ff903526000 	C:\Windows\System32\CRYPT32.dll
0x00007ff902570000 - 0x00007ff90259d000 	C:\Windows\SYSTEM32\ncrypt.dll
0x00007ff902530000 - 0x00007ff902567000 	C:\Windows\SYSTEM32\NTASN1.dll

dbghelp: loaded successfully - version: 4.0.5 - missing functions: none
symbol engine: initialized successfully - sym options: 0x614 - pdb path: .;D:\Programas\JAVA\jdk\bin;C:\Windows\SYSTEM32;C:\Windows\WinSxS\amd64_microsoft.windows.common-controls_6595b64144ccf1df_6.0.22621.4830_none_270fe7d773858e80;D:\Programas\JAVA\jdk\bin\server

VM Arguments:
java_command: org.springframework.boot.SpringApplicationAotProcessor org.joinfaces.example.JoinFacesExampleApplication D:\Projetos\EstudoIndentar\Testes Spring boot\websocket-spring-jsf\target\spring-aot\main\sources D:\Projetos\EstudoIndentar\Testes Spring boot\websocket-spring-jsf\target\spring-aot\main\resources D:\Projetos\EstudoIndentar\Testes Spring boot\websocket-spring-jsf\target\spring-aot\main\classes org.joinfaces joinfaces-example
java_class_path (initial): D:\Projetos\EstudoIndentar\Testes Spring boot\websocket-spring-jsf\target\classes;D:\Projetos\EstudoIndentar\Testes Spring boot\websocket-spring-jsf\target\spring-aot\main\classes;C:\Users\pcmix\.m2\repository\jakarta\validation\jakarta.validation-api\3.0.2\jakarta.validation-api-3.0.2.jar;C:\Users\pcmix\.m2\repository\ch\qos\logback\logback-classic\1.5.16\logback-classic-1.5.16.jar;C:\Users\pcmix\.m2\repository\ch\qos\logback\logback-core\1.5.16\logback-core-1.5.16.jar;C:\Users\pcmix\.m2\repository\org\apache\logging\log4j\log4j-to-slf4j\2.24.3\log4j-to-slf4j-2.24.3.jar;C:\Users\pcmix\.m2\repository\org\apache\logging\log4j\log4j-api\2.24.3\log4j-api-2.24.3.jar;C:\Users\pcmix\.m2\repository\org\slf4j\jul-to-slf4j\2.0.16\jul-to-slf4j-2.0.16.jar;C:\Users\pcmix\.m2\repository\jakarta\annotation\jakarta.annotation-api\2.1.1\jakarta.annotation-api-2.1.1.jar;C:\Users\pcmix\.m2\repository\org\yaml\snakeyaml\2.3\snakeyaml-2.3.jar;C:\Users\pcmix\.m2\repository\org\springframework\spring-core\6.2.2\spring-core-6.2.2.jar;C:\Users\pcmix\.m2\repository\org\springframework\spring-jcl\6.2.2\spring-jcl-6.2.2.jar;C:\Users\pcmix\.m2\repository\org\springframework\boot\spring-boot-actuator-autoconfigure\3.5.0-M1\spring-boot-actuator-autoconfigure-3.5.0-M1.jar;C:\Users\pcmix\.m2\repository\org\springframework\boot\spring-boot-actuator\3.5.0-M1\spring-boot-actuator-3.5.0-M1.jar;C:\Users\pcmix\.m2\repository\com\fasterxml\jackson\core\jackson-databind\2.18.2\jackson-databind-2.18.2.jar;C:\Users\pcmix\.m2\repository\com\fasterxml\jackson\core\jackson-annotations\2.18.2\jackson-annotations-2.18.2.jar;C:\Users\pcmix\.m2\repository\com\fasterxml\jackson\core\jackson-core\2.18.2\jackson-core-2.18.2.jar;C:\Users\pcmix\.m2\repository\com\fasterxml\jackson\datatype\jackson-datatype-jsr310\2.18.2\jackson-datatype-jsr310-2.18.2.jar;C:\Users\pcmix\.m2\repository\io\micrometer\micrometer-observation\1.15.0-M1\micrometer-observation-1.15.0-M1.jar;C:\Users\pcmix\.m2\repos
Launcher Type: SUN_STANDARD

[Global flags]
     intx CICompilerCount                          = 12                                        {product} {ergonomic}
     uint ConcGCThreads                            = 3                                         {product} {ergonomic}
     uint G1ConcRefinementThreads                  = 13                                        {product} {ergonomic}
   size_t G1HeapRegionSize                         = 2097152                                   {product} {ergonomic}
    uintx GCDrainStackTargetSize                   = 64                                        {product} {ergonomic}
   size_t InitialHeapSize                          = 182452224                                 {product} {ergonomic}
   size_t MarkStackSize                            = 4194304                                   {product} {ergonomic}
   size_t MaxHeapSize                              = 2912944128                                {product} {ergonomic}
   size_t MaxNewSize                               = 1746927616                                {product} {ergonomic}
   size_t MinHeapDeltaBytes                        = 2097152                                   {product} {ergonomic}
   size_t MinHeapSize                              = 8388608                                   {product} {ergonomic}
    uintx NonNMethodCodeHeapSize                   = 7602480                                {pd product} {ergonomic}
    uintx NonProfiledCodeHeapSize                  = 122027880                              {pd product} {ergonomic}
    uintx ProfiledCodeHeapSize                     = 122027880                              {pd product} {ergonomic}
    uintx ReservedCodeCacheSize                    = 251658240                              {pd product} {ergonomic}
     bool SegmentedCodeCache                       = true                                      {product} {ergonomic}
   size_t SoftMaxHeapSize                          = 2912944128                             {manageable} {ergonomic}
     bool UseCompressedClassPointers               = true                           {product lp64_product} {ergonomic}
     bool UseCompressedOops                        = true                           {product lp64_product} {ergonomic}
     bool UseG1GC                                  = true                                      {product} {ergonomic}
     bool UseLargePagesIndividualAllocation        = false                                  {pd product} {ergonomic}

Logging:
Log output configuration:
 #0: stdout all=warning uptime,level,tags
 #1: stderr all=off uptime,level,tags

Environment Variables:
JAVA_HOME=D:\Programas\JAVA\jdk
PATH=C:\Windows\system32;C:\Windows;C:\Windows\System32\Wbem;C:\Windows\System32\WindowsPowerShell\v1.0\;C:\Windows\System32\OpenSSH\;C:\Program Files\dotnet\;C:\Program Files\Java\jdk1.8.0_291\bin;C:\Program Files (x86)\Oberthur Technologies\AWP\Dlls;C:\Program Files\Oberthur Technologies\AWP\Dlls;C:\Program Files\Git\cmd;D:\Programas\putty\;D:\Programas\MAVEN\apache-maven-3.9.9\bin;D:\Programas\ANT\apache-ant-1.9.16\bin;C:\Program Files\CheckSefaz;C:\Users\pcmix\AppData\Local\Microsoft\WindowsApps;C:\Users\pcmix\AppData\Local\GitHubDesktop\bin;d:\Programas\Intellij\bin;;C:\Program Files\JetBrains\IntelliJ IDEA Community Edition 2024.3.2.2\bin;;D:\Programas\JAVA\jdk\bin;C:\Program Files\CheckSefaz;
USERNAME=pcmix
OS=Windows_NT
PROCESSOR_IDENTIFIER=AMD64 Family 23 Model 104 Stepping 1, AuthenticAMD
TMP=C:\Users\pcmix\AppData\Local\Temp
TEMP=C:\Users\pcmix\AppData\Local\Temp



Periodic native trim disabled


---------------  S Y S T E M  ---------------

OS:
 Windows 11 , 64 bit Build 22621 (10.0.22621.4830)
OS uptime: 1 days 3:33 hours
Hyper-V role detected

CPU: total 16 (initial active 16) (16 cores per cpu, 2 threads per core) family 23 model 104 stepping 1 microcode 0x0, cx8, cmov, fxsr, ht, mmx, 3dnowpref, sse, sse2, sse3, ssse3, sse4a, sse4.1, sse4.2, popcnt, lzcnt, tsc, tscinvbit, avx, avx2, aes, clmul, bmi1, bmi2, adx, sha, fma, vzeroupper, clflush, clflushopt, hv
Processor Information for all 16 processors :
  Max Mhz: 1801, Current Mhz: 1801, Mhz Limit: 1801

Memory: 4k page, system-wide physical 11109M (543M free)
TotalPageFile size 19071M (AvailPageFile size 354M)
current process WorkingSet (physical memory assigned to process): 661M, peak: 678M
current process commit charge ("private bytes"): 719M, peak: 1167M

vm_info: OpenJDK 64-Bit Server VM (17.0.13+11-LTS) for windows-amd64 JRE (17.0.13+11-LTS), built on Oct 10 2024 19:51:30 by "Administrator" with MS VC++ 16.10 / 16.11 (VS2019)

END.
