#
# There is insufficient memory for the Java Runtime Environment to continue.
# Native memory allocation (mmap) failed to map 5505024 bytes. Error detail: G1 virtual space
# Possible reasons:
#   The system is out of physical RAM or swap space
#   This process is running with CompressedOops enabled, and the Java Heap may be blocking the growth of the native heap
# Possible solutions:
#   Reduce memory load on the system
#   Increase physical memory or swap space
#   Check if swap backing store is full
#   Decrease Java heap size (-Xmx/-Xms)
#   Decrease number of Java threads
#   Decrease Java thread stack sizes (-Xss)
#   Set larger code cache with -XX:ReservedCodeCacheSize=
#   JVM is running with Zero Based Compressed Oops mode in which the Java heap is
#     placed in the first 32GB address space. The Java Heap base address is the
#     maximum limit for the native heap growth. Please use -XX:HeapBaseMinAddress
#     to set the Java Heap base and to place the Java Heap above 32GB virtual address.
# This output file may be truncated or incomplete.
#
#  Out of Memory Error (os_windows.cpp:3614), pid=13804, tid=21140
#
# JRE version: OpenJDK Runtime Environment Corretto-17.0.13.11.1 (17.0.13+11) (build 17.0.13+11-LTS)
# Java VM: OpenJDK 64-Bit Server VM Corretto-17.0.13.11.1 (17.0.13+11-LTS, mixed mode, sharing, tiered, compressed oops, compressed class ptrs, g1 gc, windows-amd64)
# No core dump will be written. Minidumps are not enabled by default on client versions of Windows
#

---------------  S U M M A R Y ------------

Command Line: org.springframework.boot.SpringApplicationAotProcessor org.joinfaces.example.JoinFacesExampleApplication D:\Projetos\EstudoIndentar\Testes Spring boot\websocket-spring-jsf\target\spring-aot\main\sources D:\Projetos\EstudoIndentar\Testes Spring boot\websocket-spring-jsf\target\spring-aot\main\resources D:\Projetos\EstudoIndentar\Testes Spring boot\websocket-spring-jsf\target\spring-aot\main\classes org.joinfaces joinfaces-example

Host: AMD Ryzen 7 5700U with Radeon Graphics         , 16 cores, 10G,  Windows 11 , 64 bit Build 22621 (10.0.22621.4830)
Time: Wed Feb 19 12:39:00 2025 Hora oficial do Brasil elapsed time: 6.139503 seconds (0d 0h 0m 6s)

---------------  T H R E A D  ---------------

Current thread (0x00000222801ade50):  VMThread "VM Thread" [stack: 0x0000004207d00000,0x0000004207e00000] [id=21140]

Stack: [0x0000004207d00000,0x0000004207e00000]
Native frames: (J=compiled Java code, j=interpreted, Vv=VM code, C=native code)
V  [jvm.dll+0x680c19]
V  [jvm.dll+0x83888a]
V  [jvm.dll+0x83a34e]
V  [jvm.dll+0x83a9b3]
V  [jvm.dll+0x2481af]
V  [jvm.dll+0x67d959]
V  [jvm.dll+0x67242a]
V  [jvm.dll+0x30813b]
V  [jvm.dll+0x30f626]
V  [jvm.dll+0x35f978]
V  [jvm.dll+0x35fb8f]
V  [jvm.dll+0x2df0ec]
V  [jvm.dll+0x2dd4af]
V  [jvm.dll+0x2dcbdc]
V  [jvm.dll+0x32037b]
V  [jvm.dll+0x83eead]
V  [jvm.dll+0x83fbf2]
V  [jvm.dll+0x84011f]
V  [jvm.dll+0x840504]
V  [jvm.dll+0x8405d0]
V  [jvm.dll+0x7e7b2c]
V  [jvm.dll+0x67fae7]
C  [ucrtbase.dll+0x29333]
C  [KERNEL32.DLL+0x1259d]
C  [ntdll.dll+0x5af38]

VM_Operation (0x000000420a7fd830): G1CollectForAllocation, mode: safepoint, requested by thread 0x00000222c7a4b250


---------------  P R O C E S S  ---------------

Threads class SMR info:
_java_thread_list=0x00000222c85eaba0, length=41, elements={
0x00000222df6888f0, 0x00000222801b18e0, 0x00000222801b2760, 0x00000222801c80c0,
0x00000222801c8b90, 0x00000222801cba60, 0x00000222801ce430, 0x00000222801d0040,
0x00000222801d0a00, 0x00000222801d2b30, 0x00000222803b3070, 0x0000022280493860,
0x00000222804aac50, 0x00000222804bf8a0, 0x00000222804a8460, 0x00000222c63c9d00,
0x00000222c6bb9700, 0x00000222c9d6e460, 0x00000222c9527150, 0x0000022280db4830,
0x00000222805a15f0, 0x00000222c7a64330, 0x00000222c839ab80, 0x00000222c7a4a320,
0x00000222c7a4ad40, 0x00000222c7a493f0, 0x00000222c7a489d0, 0x00000222c7a4b250,
0x00000222c7a48ee0, 0x00000222c7a49900, 0x00000222c7a4a830, 0x00000222c7a4b760,
0x00000222c7a49e10, 0x00000222c7a47fb0, 0x00000222c7a484c0, 0x00000222c9577180,
0x00000222c95785c0, 0x00000222c95739d0, 0x00000222c9572fb0, 0x00000222c9577690,
0x00000222c9573ee0
}

Java Threads: ( => current thread )
  0x00000222df6888f0 JavaThread "main" [_thread_blocked, id=1532, stack(0x0000004207700000,0x0000004207800000)]
  0x00000222801b18e0 JavaThread "Reference Handler" daemon [_thread_blocked, id=15040, stack(0x0000004207e00000,0x0000004207f00000)]
  0x00000222801b2760 JavaThread "Finalizer" daemon [_thread_blocked, id=15616, stack(0x0000004207f00000,0x0000004208000000)]
  0x00000222801c80c0 JavaThread "Signal Dispatcher" daemon [_thread_blocked, id=20596, stack(0x0000004208000000,0x0000004208100000)]
  0x00000222801c8b90 JavaThread "Attach Listener" daemon [_thread_blocked, id=21276, stack(0x0000004208100000,0x0000004208200000)]
  0x00000222801cba60 JavaThread "Service Thread" daemon [_thread_blocked, id=21316, stack(0x0000004208200000,0x0000004208300000)]
  0x00000222801ce430 JavaThread "Monitor Deflation Thread" daemon [_thread_blocked, id=18796, stack(0x0000004208300000,0x0000004208400000)]
  0x00000222801d0040 JavaThread "C2 CompilerThread0" daemon [_thread_in_native, id=21376, stack(0x0000004208400000,0x0000004208500000)]
  0x00000222801d0a00 JavaThread "C1 CompilerThread0" daemon [_thread_blocked, id=7864, stack(0x0000004208500000,0x0000004208600000)]
  0x00000222801d2b30 JavaThread "Sweeper thread" daemon [_thread_blocked, id=20788, stack(0x0000004208600000,0x0000004208700000)]
  0x00000222803b3070 JavaThread "C1 CompilerThread1" daemon [_thread_blocked, id=19392, stack(0x0000004208700000,0x0000004208800000)]
  0x0000022280493860 JavaThread "Notification Thread" daemon [_thread_blocked, id=17448, stack(0x0000004208800000,0x0000004208900000)]
  0x00000222804aac50 JavaThread "Common-Cleaner" daemon [_thread_blocked, id=19704, stack(0x0000004208a00000,0x0000004208b00000)]
  0x00000222804bf8a0 JavaThread "C1 CompilerThread2" daemon [_thread_blocked, id=13092, stack(0x0000004208b00000,0x0000004208c00000)]
  0x00000222804a8460 JavaThread "C2 CompilerThread1" daemon [_thread_blocked, id=12224, stack(0x0000004208c00000,0x0000004208d00000)]
  0x00000222c63c9d00 JavaThread "C1 CompilerThread3" daemon [_thread_blocked, id=9196, stack(0x0000004209100000,0x0000004209200000)]
  0x00000222c6bb9700 JavaThread "C2 CompilerThread2" daemon [_thread_in_native, id=11848, stack(0x0000004209600000,0x0000004209700000)]
  0x00000222c9d6e460 JavaThread "ClassGraph-worker-0" daemon [_thread_blocked, id=20792, stack(0x0000004209d00000,0x0000004209e00000)]
  0x00000222c9527150 JavaThread "ClassGraph-worker-1" daemon [_thread_blocked, id=3912, stack(0x0000004209e00000,0x0000004209f00000)]
  0x0000022280db4830 JavaThread "ClassGraph-worker-2" daemon [_thread_blocked, id=8896, stack(0x0000004209f00000,0x000000420a000000)]
  0x00000222805a15f0 JavaThread "ClassGraph-worker-3" daemon [_thread_blocked, id=1344, stack(0x000000420a000000,0x000000420a100000)]
  0x00000222c7a64330 JavaThread "ClassGraph-worker-4" daemon [_thread_blocked, id=13752, stack(0x000000420a100000,0x000000420a200000)]
  0x00000222c839ab80 JavaThread "ClassGraph-worker-5" daemon [_thread_blocked, id=21068, stack(0x000000420a200000,0x000000420a300000)]
  0x00000222c7a4a320 JavaThread "ClassGraph-worker-6" daemon [_thread_blocked, id=20188, stack(0x000000420a300000,0x000000420a400000)]
  0x00000222c7a4ad40 JavaThread "ClassGraph-worker-7" daemon [_thread_blocked, id=2448, stack(0x000000420a400000,0x000000420a500000)]
  0x00000222c7a493f0 JavaThread "ClassGraph-worker-8" daemon [_thread_blocked, id=5392, stack(0x000000420a500000,0x000000420a600000)]
  0x00000222c7a489d0 JavaThread "ClassGraph-worker-9" daemon [_thread_blocked, id=8640, stack(0x000000420a600000,0x000000420a700000)]
  0x00000222c7a4b250 JavaThread "ClassGraph-worker-10" daemon [_thread_blocked, id=6224, stack(0x000000420a700000,0x000000420a800000)]
  0x00000222c7a48ee0 JavaThread "ClassGraph-worker-11" daemon [_thread_blocked, id=21112, stack(0x000000420a800000,0x000000420a900000)]
  0x00000222c7a49900 JavaThread "ClassGraph-worker-12" daemon [_thread_blocked, id=7228, stack(0x000000420a900000,0x000000420aa00000)]
  0x00000222c7a4a830 JavaThread "ClassGraph-worker-13" daemon [_thread_blocked, id=21244, stack(0x000000420aa00000,0x000000420ab00000)]
  0x00000222c7a4b760 JavaThread "ClassGraph-worker-14" daemon [_thread_blocked, id=14012, stack(0x000000420ab00000,0x000000420ac00000)]
  0x00000222c7a49e10 JavaThread "ClassGraph-worker-15" daemon [_thread_blocked, id=21132, stack(0x000000420ac00000,0x000000420ad00000)]
  0x00000222c7a47fb0 JavaThread "ClassGraph-worker-16" daemon [_thread_blocked, id=12676, stack(0x000000420ad00000,0x000000420ae00000)]
  0x00000222c7a484c0 JavaThread "ClassGraph-worker-17" daemon [_thread_blocked, id=3964, stack(0x000000420ae00000,0x000000420af00000)]
  0x00000222c9577180 JavaThread "ClassGraph-worker-18" daemon [_thread_blocked, id=10168, stack(0x000000420af00000,0x000000420b000000)]
  0x00000222c95785c0 JavaThread "ClassGraph-worker-19" daemon [_thread_blocked, id=13368, stack(0x000000420b000000,0x000000420b100000)]
  0x00000222c95739d0 JavaThread "ClassGraph-worker-20" daemon [_thread_blocked, id=21364, stack(0x000000420b100000,0x000000420b200000)]
  0x00000222c9572fb0 JavaThread "ClassGraph-worker-21" daemon [_thread_blocked, id=9040, stack(0x000000420b200000,0x000000420b300000)]
  0x00000222c9577690 JavaThread "ClassGraph-worker-22" daemon [_thread_blocked, id=20548, stack(0x000000420b300000,0x000000420b400000)]
  0x00000222c9573ee0 JavaThread "ClassGraph-worker-23" daemon [_thread_blocked, id=18520, stack(0x000000420b400000,0x000000420b500000)]

Other Threads:
=>0x00000222801ade50 VMThread "VM Thread" [stack: 0x0000004207d00000,0x0000004207e00000] [id=21140]
  0x0000022280496160 WatcherThread [stack: 0x0000004208900000,0x0000004208a00000] [id=17160]
  0x00000222df6dcc90 GCTaskThread "GC Thread#0" [stack: 0x0000004207800000,0x0000004207900000] [id=4804]
  0x0000022280f24c90 GCTaskThread "GC Thread#1" [stack: 0x0000004208d00000,0x0000004208e00000] [id=16028]
  0x0000022280d60c40 GCTaskThread "GC Thread#2" [stack: 0x0000004208e00000,0x0000004208f00000] [id=14964]
  0x0000022280e2f6f0 GCTaskThread "GC Thread#3" [stack: 0x0000004208f00000,0x0000004209000000] [id=15820]
  0x00000222c6369df0 GCTaskThread "GC Thread#4" [stack: 0x0000004209000000,0x0000004209100000] [id=20504]
  0x00000222c6614c80 GCTaskThread "GC Thread#5" [stack: 0x0000004209300000,0x0000004209400000] [id=4004]
  0x00000222c678bde0 GCTaskThread "GC Thread#6" [stack: 0x0000004209400000,0x0000004209500000] [id=13896]
  0x00000222c65758f0 GCTaskThread "GC Thread#7" [stack: 0x0000004209500000,0x0000004209600000] [id=18516]
  0x00000222c7aa5c90 GCTaskThread "GC Thread#8" [stack: 0x0000004209200000,0x0000004209300000] [id=13508]
  0x00000222c7d9a8e0 GCTaskThread "GC Thread#9" [stack: 0x0000004209700000,0x0000004209800000] [id=6288]
  0x00000222c7852550 GCTaskThread "GC Thread#10" [stack: 0x0000004209800000,0x0000004209900000] [id=2556]
  0x00000222c7a7a640 GCTaskThread "GC Thread#11" [stack: 0x0000004209900000,0x0000004209a00000] [id=21220]
  0x00000222c7a7b140 GCTaskThread "GC Thread#12" [stack: 0x0000004209a00000,0x0000004209b00000] [id=12296]
  0x00000222df6e8970 ConcurrentGCThread "G1 Main Marker" [stack: 0x0000004207900000,0x0000004207a00000] [id=20960]
  0x00000222df6e9390 ConcurrentGCThread "G1 Conc#0" [stack: 0x0000004207a00000,0x0000004207b00000] [id=16104]
  0x00000222c7a79b40 ConcurrentGCThread "G1 Conc#1" [stack: 0x0000004209b00000,0x0000004209c00000] [id=14548]
  0x00000222c7a7a0c0 ConcurrentGCThread "G1 Conc#2" [stack: 0x0000004209c00000,0x0000004209d00000] [id=11304]
  0x00000222800671c0 ConcurrentGCThread "G1 Refine#0" [stack: 0x0000004207b00000,0x0000004207c00000] [id=10728]
  0x00000222c966d4e0 ConcurrentGCThread "G1 Refine#1" [stack: 0x000000420b500000,0x000000420b600000] [id=9252]
  0x00000222c966a5e0 ConcurrentGCThread "G1 Refine#2" [stack: 0x000000420b600000,0x000000420b700000] [id=17808]
  0x00000222c966d7d0 ConcurrentGCThread "G1 Refine#3" [stack: 0x000000420b700000,0x000000420b800000] [id=12392]
  0x00000222c966c050 ConcurrentGCThread "G1 Refine#4" [stack: 0x000000420b800000,0x000000420b900000] [id=16984]
  0x00000222c966cf00 ConcurrentGCThread "G1 Refine#5" [stack: 0x000000420b900000,0x000000420ba00000] [id=21204]
  0x00000222c966ba70 ConcurrentGCThread "G1 Refine#6" [stack: 0x000000420ba00000,0x000000420bb00000] [id=13364]
  0x00000222c966aeb0 ConcurrentGCThread "G1 Refine#7" [stack: 0x000000420bb00000,0x000000420bc00000] [id=19672]
  0x00000222c966d1f0 ConcurrentGCThread "G1 Refine#8" [stack: 0x000000420bc00000,0x000000420bd00000] [id=18304]
  0x0000022280067b00 ConcurrentGCThread "G1 Service" [stack: 0x0000004207c00000,0x0000004207d00000] [id=7924]

Threads with active compile tasks:
C2 CompilerThread0     6161 6257       4       io.github.classgraph.Classfile::readMethods (1551 bytes)
C2 CompilerThread1     6161 6310   !   4       java.util.concurrent.ConcurrentHashMap::replaceNode (437 bytes)
C2 CompilerThread2     6161 6325       4       io.github.classgraph.Classfile::readClassAttributes (893 bytes)

VM state: at safepoint (normal execution)

VM Mutex/Monitor currently owned by a thread:  ([mutex/lock_event])
[0x00000222df683030] Threads_lock - owner thread: 0x00000222801ade50
[0x00000222df682460] Heap_lock - owner thread: 0x00000222c7a4b250

Heap address: 0x0000000752600000, size: 2778 MB, Compressed Oops mode: Zero based, Oop shift amount: 3

CDS archive(s) mapped at: [0x0000022281000000-0x0000022281bb0000-0x0000022281bb0000), size 12255232, SharedBaseAddress: 0x0000022281000000, ArchiveRelocationMode: 1.
Compressed class space mapped at: 0x0000022282000000-0x00000222c2000000, reserved size: 1073741824
Narrow klass base: 0x0000022281000000, Narrow klass shift: 0, Narrow klass range: 0x100000000

GC Precious Log:
 CPUs: 16 total, 16 available
 Memory: 11109M
 Large Page Support: Disabled
 NUMA Support: Disabled
 Compressed Oops: Enabled (Zero based)
 Heap Region Size: 2M
 Heap Min Capacity: 8M
 Heap Initial Capacity: 174M
 Heap Max Capacity: 2778M
 Pre-touch: Disabled
 Parallel Workers: 13
 Concurrent Workers: 3
 Concurrent Refinement Workers: 13
 Periodic GC: Disabled

Heap:
 garbage-first heap   total 372736K, used 127963K [0x0000000752600000, 0x0000000800000000)
  region size 2048K, 13 young (26624K), 13 survivors (26624K)
 Metaspace       used 33277K, committed 33728K, reserved 1114112K
  class space    used 4076K, committed 4288K, reserved 1048576K

Heap Regions: E=young(eden), S=young(survivor), O=old, HS=humongous(starts), HC=humongous(continues), CS=collection set, F=free, OA=open archive, CA=closed archive, TAMS=top-at-mark-start (previous, next)
|   0|0x0000000752600000, 0x0000000752800000, 0x0000000752800000|100%| O|  |TAMS 0x0000000752800000, 0x0000000752600000| Untracked 
|   1|0x0000000752800000, 0x0000000752a00000, 0x0000000752a00000|100%| O|  |TAMS 0x0000000752a00000, 0x0000000752800000| Untracked 
|   2|0x0000000752a00000, 0x0000000752c00000, 0x0000000752c00000|100%| O|  |TAMS 0x0000000752c00000, 0x0000000752a00000| Untracked 
|   3|0x0000000752c00000, 0x0000000752e00000, 0x0000000752e00000|100%| O|  |TAMS 0x0000000752e00000, 0x0000000752c00000| Untracked 
|   4|0x0000000752e00000, 0x0000000753000000, 0x0000000753000000|100%| O|  |TAMS 0x0000000753000000, 0x0000000752e00000| Untracked 
|   5|0x0000000753000000, 0x0000000753200000, 0x0000000753200000|100%| O|  |TAMS 0x0000000753200000, 0x0000000753000000| Untracked 
|   6|0x0000000753200000, 0x0000000753400000, 0x0000000753400000|100%| O|  |TAMS 0x0000000753400000, 0x0000000753200000| Untracked 
|   7|0x0000000753400000, 0x0000000753600000, 0x0000000753600000|100%| O|  |TAMS 0x0000000753600000, 0x0000000753400000| Untracked 
|   8|0x0000000753600000, 0x0000000753800000, 0x0000000753800000|100%| O|  |TAMS 0x0000000753800000, 0x0000000753600000| Untracked 
|   9|0x0000000753800000, 0x0000000753a00000, 0x0000000753a00000|100%| O|  |TAMS 0x0000000753a00000, 0x0000000753800000| Untracked 
|  10|0x0000000753a00000, 0x0000000753c00000, 0x0000000753c00000|100%| O|  |TAMS 0x0000000753c00000, 0x0000000753a00000| Untracked 
|  11|0x0000000753c00000, 0x0000000753e00000, 0x0000000753e00000|100%| O|  |TAMS 0x0000000753e00000, 0x0000000753c00000| Untracked 
|  12|0x0000000753e00000, 0x0000000754000000, 0x0000000754000000|100%| O|  |TAMS 0x0000000754000000, 0x0000000753e00000| Untracked 
|  13|0x0000000754000000, 0x0000000754200000, 0x0000000754200000|100%| O|  |TAMS 0x0000000754200000, 0x0000000754000000| Untracked 
|  14|0x0000000754200000, 0x0000000754400000, 0x0000000754400000|100%| O|  |TAMS 0x0000000754400000, 0x0000000754200000| Untracked 
|  15|0x0000000754400000, 0x0000000754600000, 0x0000000754600000|100%| O|  |TAMS 0x0000000754600000, 0x0000000754400000| Untracked 
|  16|0x0000000754600000, 0x0000000754800000, 0x0000000754800000|100%| O|  |TAMS 0x0000000754800000, 0x0000000754600000| Untracked 
|  17|0x0000000754800000, 0x0000000754a00000, 0x0000000754a00000|100%| O|  |TAMS 0x0000000754a00000, 0x0000000754800000| Untracked 
|  18|0x0000000754a00000, 0x0000000754c00000, 0x0000000754c00000|100%| O|  |TAMS 0x0000000754c00000, 0x0000000754a00000| Untracked 
|  19|0x0000000754c00000, 0x0000000754e00000, 0x0000000754e00000|100%| O|  |TAMS 0x0000000754e00000, 0x0000000754c00000| Untracked 
|  20|0x0000000754e00000, 0x0000000755000000, 0x0000000755000000|100%| O|  |TAMS 0x0000000755000000, 0x0000000754e00000| Untracked 
|  21|0x0000000755000000, 0x0000000755200000, 0x0000000755200000|100%| O|  |TAMS 0x00000007551fa200, 0x0000000755000000| Untracked 
|  22|0x0000000755200000, 0x0000000755400000, 0x0000000755400000|100%| O|  |TAMS 0x0000000755200000, 0x0000000755200000| Untracked 
|  23|0x0000000755400000, 0x0000000755600000, 0x0000000755600000|100%| O|  |TAMS 0x0000000755400000, 0x0000000755400000| Untracked 
|  24|0x0000000755600000, 0x0000000755800000, 0x0000000755800000|100%| O|  |TAMS 0x0000000755600000, 0x0000000755600000| Untracked 
|  25|0x0000000755800000, 0x0000000755a00000, 0x0000000755a00000|100%| O|  |TAMS 0x0000000755800000, 0x0000000755800000| Untracked 
|  26|0x0000000755a00000, 0x0000000755c00000, 0x0000000755c00000|100%| O|  |TAMS 0x0000000755a00000, 0x0000000755a00000| Untracked 
|  27|0x0000000755c00000, 0x0000000755e00000, 0x0000000755e00000|100%| O|  |TAMS 0x0000000755c00000, 0x0000000755c00000| Untracked 
|  28|0x0000000755e00000, 0x0000000756000000, 0x0000000756000000|100%| O|  |TAMS 0x0000000755e00000, 0x0000000755e00000| Untracked 
|  29|0x0000000756000000, 0x0000000756200000, 0x0000000756200000|100%| O|  |TAMS 0x0000000756000000, 0x0000000756000000| Untracked 
|  30|0x0000000756200000, 0x0000000756400000, 0x0000000756400000|100%| O|  |TAMS 0x0000000756200000, 0x0000000756200000| Untracked 
|  31|0x0000000756400000, 0x0000000756600000, 0x0000000756600000|100%| O|  |TAMS 0x0000000756400000, 0x0000000756400000| Untracked 
|  32|0x0000000756600000, 0x0000000756800000, 0x0000000756800000|100%|HS|  |TAMS 0x0000000756600000, 0x0000000756600000| Complete 
|  33|0x0000000756800000, 0x0000000756a00000, 0x0000000756a00000|100%| O|  |TAMS 0x0000000756800000, 0x0000000756800000| Untracked 
|  34|0x0000000756a00000, 0x0000000756c00000, 0x0000000756c00000|100%| O|  |TAMS 0x0000000756a00000, 0x0000000756a00000| Untracked 
|  35|0x0000000756c00000, 0x0000000756e00000, 0x0000000756e00000|100%| O|  |TAMS 0x0000000756c00000, 0x0000000756c00000| Untracked 
|  36|0x0000000756e00000, 0x0000000757000000, 0x0000000757000000|100%| O|  |TAMS 0x0000000756e00000, 0x0000000756e00000| Untracked 
|  37|0x0000000757000000, 0x0000000757200000, 0x0000000757200000|100%| O|  |TAMS 0x0000000757000000, 0x0000000757000000| Untracked 
|  38|0x0000000757200000, 0x0000000757400000, 0x0000000757400000|100%| O|  |TAMS 0x0000000757200000, 0x0000000757200000| Untracked 
|  39|0x0000000757400000, 0x0000000757600000, 0x0000000757600000|100%| O|  |TAMS 0x0000000757400000, 0x0000000757400000| Untracked 
|  40|0x0000000757600000, 0x0000000757800000, 0x0000000757800000|100%| O|  |TAMS 0x0000000757600000, 0x0000000757600000| Untracked 
|  41|0x0000000757800000, 0x0000000757a00000, 0x0000000757a00000|100%| O|  |TAMS 0x0000000757800000, 0x0000000757800000| Untracked 
|  42|0x0000000757a00000, 0x0000000757c00000, 0x0000000757c00000|100%| O|  |TAMS 0x0000000757a00000, 0x0000000757a00000| Untracked 
|  43|0x0000000757c00000, 0x0000000757e00000, 0x0000000757e00000|100%| O|  |TAMS 0x0000000757c00000, 0x0000000757c00000| Untracked 
|  44|0x0000000757e00000, 0x0000000758000000, 0x0000000758000000|100%| O|  |TAMS 0x0000000757e00000, 0x0000000757e00000| Untracked 
|  45|0x0000000758000000, 0x0000000758200000, 0x0000000758200000|100%| O|  |TAMS 0x0000000758000000, 0x0000000758000000| Untracked 
|  46|0x0000000758200000, 0x0000000758400000, 0x0000000758400000|100%| O|  |TAMS 0x0000000758200000, 0x0000000758200000| Untracked 
|  47|0x0000000758400000, 0x0000000758600000, 0x0000000758600000|100%| O|  |TAMS 0x0000000758400000, 0x0000000758400000| Untracked 
|  48|0x0000000758600000, 0x0000000758800000, 0x0000000758800000|100%| O|  |TAMS 0x0000000758600000, 0x0000000758600000| Untracked 
|  49|0x0000000758800000, 0x00000007589b7800, 0x0000000758a00000| 85%| O|  |TAMS 0x0000000758800000, 0x0000000758800000| Untracked 
|  50|0x0000000758a00000, 0x0000000758a00000, 0x0000000758c00000|  0%| F|  |TAMS 0x0000000758a00000, 0x0000000758a00000| Untracked 
|  51|0x0000000758c00000, 0x0000000758c00000, 0x0000000758e00000|  0%| F|  |TAMS 0x0000000758c00000, 0x0000000758c00000| Untracked 
|  52|0x0000000758e00000, 0x0000000758e00000, 0x0000000759000000|  0%| F|  |TAMS 0x0000000758e00000, 0x0000000758e00000| Untracked 
|  53|0x0000000759000000, 0x0000000759000000, 0x0000000759200000|  0%| F|  |TAMS 0x0000000759000000, 0x0000000759000000| Untracked 
|  54|0x0000000759200000, 0x0000000759200000, 0x0000000759400000|  0%| F|  |TAMS 0x0000000759200000, 0x0000000759200000| Untracked 
|  55|0x0000000759400000, 0x0000000759400000, 0x0000000759600000|  0%| F|  |TAMS 0x0000000759400000, 0x0000000759400000| Untracked 
|  56|0x0000000759600000, 0x0000000759600000, 0x0000000759800000|  0%| F|  |TAMS 0x0000000759600000, 0x0000000759600000| Untracked 
|  57|0x0000000759800000, 0x0000000759800000, 0x0000000759a00000|  0%| F|  |TAMS 0x0000000759800000, 0x0000000759800000| Untracked 
|  58|0x0000000759a00000, 0x0000000759a00000, 0x0000000759c00000|  0%| F|  |TAMS 0x0000000759a00000, 0x0000000759a00000| Untracked 
|  59|0x0000000759c00000, 0x0000000759c00000, 0x0000000759e00000|  0%| F|  |TAMS 0x0000000759c00000, 0x0000000759c00000| Untracked 
|  60|0x0000000759e00000, 0x0000000759e00000, 0x000000075a000000|  0%| F|  |TAMS 0x0000000759e00000, 0x0000000759e00000| Untracked 
|  61|0x000000075a000000, 0x000000075a000000, 0x000000075a200000|  0%| F|  |TAMS 0x000000075a000000, 0x000000075a000000| Untracked 
|  62|0x000000075a200000, 0x000000075a200000, 0x000000075a400000|  0%| F|  |TAMS 0x000000075a200000, 0x000000075a200000| Untracked 
|  63|0x000000075a400000, 0x000000075a400000, 0x000000075a600000|  0%| F|  |TAMS 0x000000075a400000, 0x000000075a400000| Untracked 
|  64|0x000000075a600000, 0x000000075a600000, 0x000000075a800000|  0%| F|  |TAMS 0x000000075a600000, 0x000000075a600000| Untracked 
|  65|0x000000075a800000, 0x000000075a800000, 0x000000075aa00000|  0%| F|  |TAMS 0x000000075a800000, 0x000000075a800000| Untracked 
|  66|0x000000075aa00000, 0x000000075aa00000, 0x000000075ac00000|  0%| F|  |TAMS 0x000000075aa00000, 0x000000075aa00000| Untracked 
|  67|0x000000075ac00000, 0x000000075ac00000, 0x000000075ae00000|  0%| F|  |TAMS 0x000000075ac00000, 0x000000075ac00000| Untracked 
|  68|0x000000075ae00000, 0x000000075af3f6a0, 0x000000075b000000| 62%| S|CS|TAMS 0x000000075ae00000, 0x000000075ae00000| Complete 
|  69|0x000000075b000000, 0x000000075b200000, 0x000000075b200000|100%| S|CS|TAMS 0x000000075b000000, 0x000000075b000000| Complete 
|  70|0x000000075b200000, 0x000000075b400000, 0x000000075b400000|100%| S|CS|TAMS 0x000000075b200000, 0x000000075b200000| Complete 
|  71|0x000000075b400000, 0x000000075b600000, 0x000000075b600000|100%| S|CS|TAMS 0x000000075b400000, 0x000000075b400000| Complete 
|  72|0x000000075b600000, 0x000000075b600000, 0x000000075b800000|  0%| F|  |TAMS 0x000000075b600000, 0x000000075b600000| Untracked 
|  73|0x000000075b800000, 0x000000075b800000, 0x000000075ba00000|  0%| F|  |TAMS 0x000000075b800000, 0x000000075b800000| Untracked 
|  74|0x000000075ba00000, 0x000000075ba00000, 0x000000075bc00000|  0%| F|  |TAMS 0x000000075ba00000, 0x000000075ba00000| Untracked 
|  75|0x000000075bc00000, 0x000000075bc00000, 0x000000075be00000|  0%| F|  |TAMS 0x000000075bc00000, 0x000000075bc00000| Untracked 
|  76|0x000000075be00000, 0x000000075be00000, 0x000000075c000000|  0%| F|  |TAMS 0x000000075be00000, 0x000000075be00000| Untracked 
|  77|0x000000075c000000, 0x000000075c000000, 0x000000075c200000|  0%| F|  |TAMS 0x000000075c000000, 0x000000075c000000| Untracked 
|  78|0x000000075c200000, 0x000000075c200000, 0x000000075c400000|  0%| F|  |TAMS 0x000000075c200000, 0x000000075c200000| Untracked 
|  79|0x000000075c400000, 0x000000075c400000, 0x000000075c600000|  0%| F|  |TAMS 0x000000075c400000, 0x000000075c400000| Untracked 
|  80|0x000000075c600000, 0x000000075c800000, 0x000000075c800000|100%| S|CS|TAMS 0x000000075c600000, 0x000000075c600000| Complete 
|  81|0x000000075c800000, 0x000000075ca00000, 0x000000075ca00000|100%| S|CS|TAMS 0x000000075c800000, 0x000000075c800000| Complete 
|  82|0x000000075ca00000, 0x000000075cc00000, 0x000000075cc00000|100%| S|CS|TAMS 0x000000075ca00000, 0x000000075ca00000| Complete 
|  83|0x000000075cc00000, 0x000000075ce00000, 0x000000075ce00000|100%| S|CS|TAMS 0x000000075cc00000, 0x000000075cc00000| Complete 
|  84|0x000000075ce00000, 0x000000075d000000, 0x000000075d000000|100%| S|CS|TAMS 0x000000075ce00000, 0x000000075ce00000| Complete 
|  85|0x000000075d000000, 0x000000075d000000, 0x000000075d200000|  0%| F|  |TAMS 0x000000075d000000, 0x000000075d000000| Untracked 
|  86|0x000000075d200000, 0x000000075d200000, 0x000000075d400000|  0%| F|  |TAMS 0x000000075d200000, 0x000000075d200000| Untracked 
|  87|0x000000075d400000, 0x000000075d400000, 0x000000075d600000|  0%| F|  |TAMS 0x000000075d400000, 0x000000075d400000| Untracked 
|  88|0x000000075d600000, 0x000000075d600000, 0x000000075d800000|  0%| F|  |TAMS 0x000000075d600000, 0x000000075d600000| Untracked 
|  89|0x000000075d800000, 0x000000075d800000, 0x000000075da00000|  0%| F|  |TAMS 0x000000075d800000, 0x000000075d800000| Untracked 
|  90|0x000000075da00000, 0x000000075da00000, 0x000000075dc00000|  0%| F|  |TAMS 0x000000075da00000, 0x000000075da00000| Untracked 
|  91|0x000000075dc00000, 0x000000075de00000, 0x000000075de00000|100%| S|CS|TAMS 0x000000075dc00000, 0x000000075dc00000| Complete 
|  92|0x000000075de00000, 0x000000075e000000, 0x000000075e000000|100%| S|CS|TAMS 0x000000075de00000, 0x000000075de00000| Complete 
|  93|0x000000075e000000, 0x000000075e200000, 0x000000075e200000|100%| S|CS|TAMS 0x000000075e000000, 0x000000075e000000| Complete 
|  94|0x000000075e200000, 0x000000075e400000, 0x000000075e400000|100%| S|CS|TAMS 0x000000075e200000, 0x000000075e200000| Complete 
|  95|0x000000075e400000, 0x000000075e400000, 0x000000075e600000|  0%| F|  |TAMS 0x000000075e400000, 0x000000075e400000| Untracked 
|  96|0x000000075e600000, 0x000000075e600000, 0x000000075e800000|  0%| F|  |TAMS 0x000000075e600000, 0x000000075e600000| Untracked 
|  97|0x000000075e800000, 0x000000075e800000, 0x000000075ea00000|  0%| F|  |TAMS 0x000000075e800000, 0x000000075e800000| Untracked 
|  98|0x000000075ea00000, 0x000000075ea00000, 0x000000075ec00000|  0%| F|  |TAMS 0x000000075ea00000, 0x000000075ea00000| Untracked 
|  99|0x000000075ec00000, 0x000000075ec00000, 0x000000075ee00000|  0%| F|  |TAMS 0x000000075ec00000, 0x000000075ec00000| Untracked 
| 100|0x000000075ee00000, 0x000000075ee00000, 0x000000075f000000|  0%| F|  |TAMS 0x000000075ee00000, 0x000000075ee00000| Untracked 
| 101|0x000000075f000000, 0x000000075f000000, 0x000000075f200000|  0%| F|  |TAMS 0x000000075f000000, 0x000000075f000000| Untracked 
| 102|0x000000075f200000, 0x000000075f200000, 0x000000075f400000|  0%| F|  |TAMS 0x000000075f200000, 0x000000075f200000| Untracked 
| 103|0x000000075f400000, 0x000000075f400000, 0x000000075f600000|  0%| F|  |TAMS 0x000000075f400000, 0x000000075f400000| Untracked 
| 104|0x000000075f600000, 0x000000075f600000, 0x000000075f800000|  0%| F|  |TAMS 0x000000075f600000, 0x000000075f600000| Untracked 
| 105|0x000000075f800000, 0x000000075f800000, 0x000000075fa00000|  0%| F|  |TAMS 0x000000075f800000, 0x000000075f800000| Untracked 
| 106|0x000000075fa00000, 0x000000075fa00000, 0x000000075fc00000|  0%| F|  |TAMS 0x000000075fa00000, 0x000000075fa00000| Untracked 
| 107|0x000000075fc00000, 0x000000075fc00000, 0x000000075fe00000|  0%| F|  |TAMS 0x000000075fc00000, 0x000000075fc00000| Untracked 
| 108|0x000000075fe00000, 0x000000075fe00000, 0x0000000760000000|  0%| F|  |TAMS 0x000000075fe00000, 0x000000075fe00000| Untracked 
| 109|0x0000000760000000, 0x0000000760000000, 0x0000000760200000|  0%| F|  |TAMS 0x0000000760000000, 0x0000000760000000| Untracked 
| 110|0x0000000760200000, 0x0000000760200000, 0x0000000760400000|  0%| F|  |TAMS 0x0000000760200000, 0x0000000760200000| Untracked 
| 111|0x0000000760400000, 0x0000000760400000, 0x0000000760600000|  0%| F|  |TAMS 0x0000000760400000, 0x0000000760400000| Untracked 
| 112|0x0000000760600000, 0x0000000760600000, 0x0000000760800000|  0%| F|  |TAMS 0x0000000760600000, 0x0000000760600000| Untracked 
| 113|0x0000000760800000, 0x0000000760800000, 0x0000000760a00000|  0%| F|  |TAMS 0x0000000760800000, 0x0000000760800000| Untracked 
| 114|0x0000000760a00000, 0x0000000760a00000, 0x0000000760c00000|  0%| F|  |TAMS 0x0000000760a00000, 0x0000000760a00000| Untracked 
| 115|0x0000000760c00000, 0x0000000760c00000, 0x0000000760e00000|  0%| F|  |TAMS 0x0000000760c00000, 0x0000000760c00000| Untracked 
| 116|0x0000000760e00000, 0x0000000760e00000, 0x0000000761000000|  0%| F|  |TAMS 0x0000000760e00000, 0x0000000760e00000| Untracked 
| 117|0x0000000761000000, 0x0000000761000000, 0x0000000761200000|  0%| F|  |TAMS 0x0000000761000000, 0x0000000761000000| Untracked 
| 118|0x0000000761200000, 0x0000000761200000, 0x0000000761400000|  0%| F|  |TAMS 0x0000000761200000, 0x0000000761200000| Untracked 
| 119|0x0000000761400000, 0x0000000761400000, 0x0000000761600000|  0%| F|  |TAMS 0x0000000761400000, 0x0000000761400000| Untracked 
| 120|0x0000000761600000, 0x0000000761600000, 0x0000000761800000|  0%| F|  |TAMS 0x0000000761600000, 0x0000000761600000| Untracked 
| 121|0x0000000761800000, 0x0000000761800000, 0x0000000761a00000|  0%| F|  |TAMS 0x0000000761800000, 0x0000000761800000| Untracked 
| 122|0x0000000761a00000, 0x0000000761a00000, 0x0000000761c00000|  0%| F|  |TAMS 0x0000000761a00000, 0x0000000761a00000| Untracked 
| 123|0x0000000761c00000, 0x0000000761c00000, 0x0000000761e00000|  0%| F|  |TAMS 0x0000000761c00000, 0x0000000761c00000| Untracked 
| 124|0x0000000761e00000, 0x0000000761e00000, 0x0000000762000000|  0%| F|  |TAMS 0x0000000761e00000, 0x0000000761e00000| Untracked 
| 125|0x0000000762000000, 0x0000000762000000, 0x0000000762200000|  0%| F|  |TAMS 0x0000000762000000, 0x0000000762000000| Untracked 
| 126|0x0000000762200000, 0x0000000762200000, 0x0000000762400000|  0%| F|  |TAMS 0x0000000762200000, 0x0000000762200000| Untracked 
| 127|0x0000000762400000, 0x0000000762400000, 0x0000000762600000|  0%| F|  |TAMS 0x0000000762400000, 0x0000000762400000| Untracked 
| 128|0x0000000762600000, 0x0000000762600000, 0x0000000762800000|  0%| F|  |TAMS 0x0000000762600000, 0x0000000762600000| Untracked 
| 129|0x0000000762800000, 0x0000000762800000, 0x0000000762a00000|  0%| F|  |TAMS 0x0000000762800000, 0x0000000762800000| Untracked 
| 130|0x0000000762a00000, 0x0000000762a00000, 0x0000000762c00000|  0%| F|  |TAMS 0x0000000762a00000, 0x0000000762a00000| Untracked 
| 131|0x0000000762c00000, 0x0000000762c00000, 0x0000000762e00000|  0%| F|  |TAMS 0x0000000762c00000, 0x0000000762c00000| Untracked 
| 132|0x0000000762e00000, 0x0000000762e00000, 0x0000000763000000|  0%| F|  |TAMS 0x0000000762e00000, 0x0000000762e00000| Untracked 
| 133|0x0000000763000000, 0x0000000763000000, 0x0000000763200000|  0%| F|  |TAMS 0x0000000763000000, 0x0000000763000000| Untracked 
| 134|0x0000000763200000, 0x0000000763200000, 0x0000000763400000|  0%| F|  |TAMS 0x0000000763200000, 0x0000000763200000| Untracked 
| 135|0x0000000763400000, 0x0000000763400000, 0x0000000763600000|  0%| F|  |TAMS 0x0000000763400000, 0x0000000763400000| Untracked 
| 136|0x0000000763600000, 0x0000000763600000, 0x0000000763800000|  0%| F|  |TAMS 0x0000000763600000, 0x0000000763600000| Untracked 
| 137|0x0000000763800000, 0x0000000763800000, 0x0000000763a00000|  0%| F|  |TAMS 0x0000000763800000, 0x0000000763800000| Untracked 
| 138|0x0000000763a00000, 0x0000000763a00000, 0x0000000763c00000|  0%| F|  |TAMS 0x0000000763a00000, 0x0000000763a00000| Untracked 
| 139|0x0000000763c00000, 0x0000000763c00000, 0x0000000763e00000|  0%| F|  |TAMS 0x0000000763c00000, 0x0000000763c00000| Untracked 
| 140|0x0000000763e00000, 0x0000000763e00000, 0x0000000764000000|  0%| F|  |TAMS 0x0000000763e00000, 0x0000000763e00000| Untracked 
| 141|0x0000000764000000, 0x0000000764000000, 0x0000000764200000|  0%| F|  |TAMS 0x0000000764000000, 0x0000000764000000| Untracked 
| 142|0x0000000764200000, 0x0000000764200000, 0x0000000764400000|  0%| F|  |TAMS 0x0000000764200000, 0x0000000764200000| Untracked 
| 143|0x0000000764400000, 0x0000000764400000, 0x0000000764600000|  0%| F|  |TAMS 0x0000000764400000, 0x0000000764400000| Untracked 
| 144|0x0000000764600000, 0x0000000764600000, 0x0000000764800000|  0%| F|  |TAMS 0x0000000764600000, 0x0000000764600000| Untracked 
| 145|0x0000000764800000, 0x0000000764800000, 0x0000000764a00000|  0%| F|  |TAMS 0x0000000764800000, 0x0000000764800000| Untracked 
| 146|0x0000000764a00000, 0x0000000764a00000, 0x0000000764c00000|  0%| F|  |TAMS 0x0000000764a00000, 0x0000000764a00000| Untracked 
| 147|0x0000000764c00000, 0x0000000764c00000, 0x0000000764e00000|  0%| F|  |TAMS 0x0000000764c00000, 0x0000000764c00000| Untracked 
| 148|0x0000000764e00000, 0x0000000764e00000, 0x0000000765000000|  0%| F|  |TAMS 0x0000000764e00000, 0x0000000764e00000| Untracked 
| 149|0x0000000765000000, 0x0000000765000000, 0x0000000765200000|  0%| F|  |TAMS 0x0000000765000000, 0x0000000765000000| Untracked 
| 150|0x0000000765200000, 0x0000000765200000, 0x0000000765400000|  0%| F|  |TAMS 0x0000000765200000, 0x0000000765200000| Untracked 
| 151|0x0000000765400000, 0x0000000765400000, 0x0000000765600000|  0%| F|  |TAMS 0x0000000765400000, 0x0000000765400000| Untracked 
| 152|0x0000000765600000, 0x0000000765600000, 0x0000000765800000|  0%| F|  |TAMS 0x0000000765600000, 0x0000000765600000| Untracked 
| 153|0x0000000765800000, 0x0000000765800000, 0x0000000765a00000|  0%| F|  |TAMS 0x0000000765800000, 0x0000000765800000| Untracked 
| 154|0x0000000765a00000, 0x0000000765a00000, 0x0000000765c00000|  0%| F|  |TAMS 0x0000000765a00000, 0x0000000765a00000| Untracked 
| 155|0x0000000765c00000, 0x0000000765c00000, 0x0000000765e00000|  0%| F|  |TAMS 0x0000000765c00000, 0x0000000765c00000| Untracked 
| 156|0x0000000765e00000, 0x0000000765e00000, 0x0000000766000000|  0%| F|  |TAMS 0x0000000765e00000, 0x0000000765e00000| Untracked 
| 157|0x0000000766000000, 0x0000000766000000, 0x0000000766200000|  0%| F|  |TAMS 0x0000000766000000, 0x0000000766000000| Untracked 
| 158|0x0000000766200000, 0x0000000766200000, 0x0000000766400000|  0%| F|  |TAMS 0x0000000766200000, 0x0000000766200000| Untracked 
| 159|0x0000000766400000, 0x0000000766400000, 0x0000000766600000|  0%| F|  |TAMS 0x0000000766400000, 0x0000000766400000| Untracked 
| 160|0x0000000766600000, 0x0000000766600000, 0x0000000766800000|  0%| F|  |TAMS 0x0000000766600000, 0x0000000766600000| Untracked 
| 161|0x0000000766800000, 0x0000000766800000, 0x0000000766a00000|  0%| F|  |TAMS 0x0000000766800000, 0x0000000766800000| Untracked 
| 162|0x0000000766a00000, 0x0000000766a00000, 0x0000000766c00000|  0%| F|  |TAMS 0x0000000766a00000, 0x0000000766a00000| Untracked 
| 163|0x0000000766c00000, 0x0000000766c00000, 0x0000000766e00000|  0%| F|  |TAMS 0x0000000766c00000, 0x0000000766c00000| Untracked 
| 164|0x0000000766e00000, 0x0000000766e00000, 0x0000000767000000|  0%| F|  |TAMS 0x0000000766e00000, 0x0000000766e00000| Untracked 
| 165|0x0000000767000000, 0x0000000767000000, 0x0000000767200000|  0%| F|  |TAMS 0x0000000767000000, 0x0000000767000000| Untracked 
| 166|0x0000000767200000, 0x0000000767200000, 0x0000000767400000|  0%| F|  |TAMS 0x0000000767200000, 0x0000000767200000| Untracked 
| 167|0x0000000767400000, 0x0000000767400000, 0x0000000767600000|  0%| F|  |TAMS 0x0000000767400000, 0x0000000767400000| Untracked 
| 168|0x0000000767600000, 0x0000000767600000, 0x0000000767800000|  0%| F|  |TAMS 0x0000000767600000, 0x0000000767600000| Untracked 
| 169|0x0000000767800000, 0x0000000767800000, 0x0000000767a00000|  0%| F|  |TAMS 0x0000000767800000, 0x0000000767800000| Untracked 
| 170|0x0000000767a00000, 0x0000000767a00000, 0x0000000767c00000|  0%| F|  |TAMS 0x0000000767a00000, 0x0000000767a00000| Untracked 
| 171|0x0000000767c00000, 0x0000000767c00000, 0x0000000767e00000|  0%| F|  |TAMS 0x0000000767c00000, 0x0000000767c00000| Untracked 
| 172|0x0000000767e00000, 0x0000000767e00000, 0x0000000768000000|  0%| F|  |TAMS 0x0000000767e00000, 0x0000000767e00000| Untracked 
| 173|0x0000000768000000, 0x0000000768000000, 0x0000000768200000|  0%| F|  |TAMS 0x0000000768000000, 0x0000000768000000| Untracked 
| 174|0x0000000768200000, 0x0000000768200000, 0x0000000768400000|  0%| F|  |TAMS 0x0000000768200000, 0x0000000768200000| Untracked 
| 175|0x0000000768400000, 0x0000000768400000, 0x0000000768600000|  0%| F|  |TAMS 0x0000000768400000, 0x0000000768400000| Untracked 
| 176|0x0000000768600000, 0x0000000768600000, 0x0000000768800000|  0%| F|  |TAMS 0x0000000768600000, 0x0000000768600000| Untracked 
| 177|0x0000000768800000, 0x0000000768800000, 0x0000000768a00000|  0%| F|  |TAMS 0x0000000768800000, 0x0000000768800000| Untracked 
| 178|0x0000000768a00000, 0x0000000768a00000, 0x0000000768c00000|  0%| F|  |TAMS 0x0000000768a00000, 0x0000000768a00000| Untracked 
| 179|0x0000000768c00000, 0x0000000768c00000, 0x0000000768e00000|  0%| F|  |TAMS 0x0000000768c00000, 0x0000000768c00000| Untracked 
| 180|0x0000000768e00000, 0x0000000768e00000, 0x0000000769000000|  0%| F|  |TAMS 0x0000000768e00000, 0x0000000768e00000| Untracked 
| 181|0x0000000769000000, 0x0000000769000000, 0x0000000769200000|  0%| F|  |TAMS 0x0000000769000000, 0x0000000769000000| Untracked 

Card table byte_map: [0x00000222f6fa0000,0x00000222f7510000] _byte_map_base: 0x00000222f350d000

Marking Bits (Prev, Next): (CMBitMap*) 0x00000222df6dd2b0, (CMBitMap*) 0x00000222df6dd2f0
 Prev Bits: [0x00000222f7a80000, 0x00000222fa5e8000)
 Next Bits: [0x00000222fa5f0000, 0x00000222fd158000)

Polling page: 0x00000222dd5d0000

Metaspace:

Usage:
  Non-class:     28.52 MB used.
      Class:      3.98 MB used.
       Both:     32.50 MB used.

Virtual space:
  Non-class space:       64.00 MB reserved,      28.75 MB ( 45%) committed,  1 nodes.
      Class space:        1.00 GB reserved,       4.19 MB ( <1%) committed,  1 nodes.
             Both:        1.06 GB reserved,      32.94 MB (  3%) committed. 

Chunk freelists:
   Non-Class:  3.02 MB
       Class:  11.66 MB
        Both:  14.67 MB

MaxMetaspaceSize: unlimited
CompressedClassSpaceSize: 1.00 GB
Initial GC threshold: 21.00 MB
Current GC threshold: 54.81 MB
CDS: on
MetaspaceReclaimPolicy: balanced
 - commit_granule_bytes: 65536.
 - commit_granule_words: 8192.
 - virtual_space_node_default_size: 8388608.
 - enlarge_chunks_in_place: 1.
 - new_chunks_are_fully_committed: 0.
 - uncommit_free_chunks: 1.
 - use_allocation_guard: 0.
 - handle_deallocations: 1.


Internal statistics:

num_allocs_failed_limit: 3.
num_arena_births: 568.
num_arena_deaths: 0.
num_vsnodes_births: 2.
num_vsnodes_deaths: 0.
num_space_committed: 527.
num_space_uncommitted: 0.
num_chunks_returned_to_freelist: 3.
num_chunks_taken_from_freelist: 1886.
num_chunk_merges: 3.
num_chunk_splits: 1254.
num_chunks_enlarged: 888.
num_inconsistent_stats: 0.

CodeHeap 'non-profiled nmethods': size=119168Kb used=2926Kb max_used=2926Kb free=116241Kb
 bounds [0x00000222eed50000, 0x00000222ef080000, 0x00000222f61b0000]
CodeHeap 'profiled nmethods': size=119104Kb used=13152Kb max_used=13152Kb free=105951Kb
 bounds [0x00000222e71b0000, 0x00000222e7e90000, 0x00000222ee600000]
CodeHeap 'non-nmethods': size=7488Kb used=2915Kb max_used=2982Kb free=4572Kb
 bounds [0x00000222ee600000, 0x00000222ee8f0000, 0x00000222eed50000]
 total_blobs=6116 nmethods=5586 adapters=439
 compilation: enabled
              stopped_count=0, restarted_count=0
 full_count=0

Compilation events (20 events):
Event: 5.816 Thread 0x00000222c6bb9700 nmethod 6300 0x00000222ef065810 code [0x00000222ef066180, 0x00000222ef06b5f0]
Event: 5.816 Thread 0x00000222c6bb9700 6325       4       io.github.classgraph.Classfile::readClassAttributes (893 bytes)
Event: 5.904 Thread 0x00000222c63c9d00 6335   !   3       java.util.concurrent.ConcurrentHashMap::putVal (432 bytes)
Event: 5.906 Thread 0x00000222c63c9d00 nmethod 6335 0x00000222e7e82a10 code [0x00000222e7e82d80, 0x00000222e7e848c8]
Event: 5.909 Thread 0x00000222801d0a00 6341       2       java.util.concurrent.ThreadLocalRandom::advanceProbe (35 bytes)
Event: 5.909 Thread 0x00000222801d0a00 nmethod 6341 0x00000222e7e85290 code [0x00000222e7e85420, 0x00000222e7e85538]
Event: 5.936 Thread 0x00000222803b3070 6343   !   2       java.util.concurrent.ConcurrentHashMap::fullAddCount (462 bytes)
Event: 5.937 Thread 0x00000222803b3070 nmethod 6343 0x00000222e7e85610 code [0x00000222e7e85820, 0x00000222e7e86448]
Event: 6.020 Thread 0x00000222801d0a00 6351       3       io.github.classgraph.Classfile::cpReadInt (77 bytes)
Event: 6.021 Thread 0x00000222801d0a00 nmethod 6351 0x00000222e7e86a10 code [0x00000222e7e86ca0, 0x00000222e7e87598]
Event: 6.033 Thread 0x00000222804a8460 nmethod 6323 0x00000222eee0b610 code [0x00000222eee0bb60, 0x00000222eee118a0]
Event: 6.034 Thread 0x00000222804a8460 6342   !   4       java.util.concurrent.ConcurrentHashMap::putVal (432 bytes)
Event: 6.055 Thread 0x00000222804bf8a0 6352       3       nonapi.io.github.classgraph.fileslice.reader.ClassfileReader::readTo (292 bytes)
Event: 6.057 Thread 0x00000222804bf8a0 nmethod 6352 0x00000222e7e87990 code [0x00000222e7e87c20, 0x00000222e7e889c8]
Event: 6.094 Thread 0x00000222804a8460 nmethod 6342 0x00000222eef45490 code [0x00000222eef456c0, 0x00000222eef473a0]
Event: 6.095 Thread 0x00000222804a8460 6353       4       java.util.concurrent.ConcurrentHashMap::sumCount (60 bytes)
Event: 6.097 Thread 0x00000222804a8460 nmethod 6353 0x00000222eee0b090 code [0x00000222eee0b200, 0x00000222eee0b378]
Event: 6.097 Thread 0x00000222804a8460 6339       4       java.util.concurrent.ConcurrentLinkedQueue::poll (84 bytes)
Event: 6.104 Thread 0x00000222804a8460 nmethod 6339 0x00000222eef6d310 code [0x00000222eef6d4a0, 0x00000222eef6d9f8]
Event: 6.104 Thread 0x00000222804a8460 6310   !   4       java.util.concurrent.ConcurrentHashMap::replaceNode (437 bytes)

GC Heap History (20 events):
Event: 4.987 GC heap after
{Heap after GC invocations=14 (full 0):
 garbage-first heap   total 92160K, used 48285K [0x0000000752600000, 0x0000000800000000)
  region size 2048K, 2 young (4096K), 2 survivors (4096K)
 Metaspace       used 33271K, committed 33664K, reserved 1114112K
  class space    used 4076K, committed 4288K, reserved 1048576K
}
Event: 5.010 GC heap before
{Heap before GC invocations=14 (full 0):
 garbage-first heap   total 92160K, used 66717K [0x0000000752600000, 0x0000000800000000)
  region size 2048K, 12 young (24576K), 2 survivors (4096K)
 Metaspace       used 33271K, committed 33664K, reserved 1114112K
  class space    used 4076K, committed 4288K, reserved 1048576K
}
Event: 5.015 GC heap after
{Heap after GC invocations=15 (full 0):
 garbage-first heap   total 186368K, used 49577K [0x0000000752600000, 0x0000000800000000)
  region size 2048K, 2 young (4096K), 2 survivors (4096K)
 Metaspace       used 33271K, committed 33664K, reserved 1114112K
  class space    used 4076K, committed 4288K, reserved 1048576K
}
Event: 5.104 GC heap before
{Heap before GC invocations=16 (full 0):
 garbage-first heap   total 186368K, used 123305K [0x0000000752600000, 0x0000000800000000)
  region size 2048K, 39 young (79872K), 2 survivors (4096K)
 Metaspace       used 33275K, committed 33728K, reserved 1114112K
  class space    used 4076K, committed 4288K, reserved 1048576K
}
Event: 5.109 GC heap after
{Heap after GC invocations=17 (full 0):
 garbage-first heap   total 186368K, used 54111K [0x0000000752600000, 0x0000000800000000)
  region size 2048K, 4 young (8192K), 4 survivors (8192K)
 Metaspace       used 33275K, committed 33728K, reserved 1114112K
  class space    used 4076K, committed 4288K, reserved 1048576K
}
Event: 5.192 GC heap before
{Heap before GC invocations=17 (full 0):
 garbage-first heap   total 186368K, used 129887K [0x0000000752600000, 0x0000000800000000)
  region size 2048K, 42 young (86016K), 4 survivors (8192K)
 Metaspace       used 33275K, committed 33728K, reserved 1114112K
  class space    used 4076K, committed 4288K, reserved 1048576K
}
Event: 5.203 GC heap after
{Heap after GC invocations=18 (full 0):
 garbage-first heap   total 186368K, used 60154K [0x0000000752600000, 0x0000000800000000)
  region size 2048K, 6 young (12288K), 6 survivors (12288K)
 Metaspace       used 33275K, committed 33728K, reserved 1114112K
  class space    used 4076K, committed 4288K, reserved 1048576K
}
Event: 5.273 GC heap before
{Heap before GC invocations=18 (full 0):
 garbage-first heap   total 186368K, used 133882K [0x0000000752600000, 0x0000000800000000)
  region size 2048K, 43 young (88064K), 6 survivors (12288K)
 Metaspace       used 33275K, committed 33728K, reserved 1114112K
  class space    used 4076K, committed 4288K, reserved 1048576K
}
Event: 5.283 GC heap after
{Heap after GC invocations=19 (full 0):
 garbage-first heap   total 186368K, used 65345K [0x0000000752600000, 0x0000000800000000)
  region size 2048K, 3 young (6144K), 3 survivors (6144K)
 Metaspace       used 33275K, committed 33728K, reserved 1114112K
  class space    used 4076K, committed 4288K, reserved 1048576K
}
Event: 5.360 GC heap before
{Heap before GC invocations=19 (full 0):
 garbage-first heap   total 186368K, used 137025K [0x0000000752600000, 0x0000000800000000)
  region size 2048K, 39 young (79872K), 3 survivors (6144K)
 Metaspace       used 33275K, committed 33728K, reserved 1114112K
  class space    used 4076K, committed 4288K, reserved 1048576K
}
Event: 5.367 GC heap after
{Heap after GC invocations=20 (full 0):
 garbage-first heap   total 186368K, used 69689K [0x0000000752600000, 0x0000000800000000)
  region size 2048K, 5 young (10240K), 5 survivors (10240K)
 Metaspace       used 33275K, committed 33728K, reserved 1114112K
  class space    used 4076K, committed 4288K, reserved 1048576K
}
Event: 5.438 GC heap before
{Heap before GC invocations=20 (full 0):
 garbage-first heap   total 186368K, used 141369K [0x0000000752600000, 0x0000000800000000)
  region size 2048K, 41 young (83968K), 5 survivors (10240K)
 Metaspace       used 33275K, committed 33728K, reserved 1114112K
  class space    used 4076K, committed 4288K, reserved 1048576K
}
Event: 5.447 GC heap after
{Heap after GC invocations=21 (full 0):
 garbage-first heap   total 372736K, used 74005K [0x0000000752600000, 0x0000000800000000)
  region size 2048K, 5 young (10240K), 5 survivors (10240K)
 Metaspace       used 33275K, committed 33728K, reserved 1114112K
  class space    used 4076K, committed 4288K, reserved 1048576K
}
Event: 5.623 GC heap before
{Heap before GC invocations=21 (full 0):
 garbage-first heap   total 372736K, used 280853K [0x0000000752600000, 0x0000000800000000)
  region size 2048K, 107 young (219136K), 5 survivors (10240K)
 Metaspace       used 33276K, committed 33728K, reserved 1114112K
  class space    used 4076K, committed 4288K, reserved 1048576K
}
Event: 5.633 GC heap after
{Heap after GC invocations=22 (full 0):
 garbage-first heap   total 372736K, used 85706K [0x0000000752600000, 0x0000000800000000)
  region size 2048K, 11 young (22528K), 11 survivors (22528K)
 Metaspace       used 33276K, committed 33728K, reserved 1114112K
  class space    used 4076K, committed 4288K, reserved 1048576K
}
Event: 5.817 GC heap before
{Heap before GC invocations=22 (full 0):
 garbage-first heap   total 372736K, used 284362K [0x0000000752600000, 0x0000000800000000)
  region size 2048K, 108 young (221184K), 11 survivors (22528K)
 Metaspace       used 33276K, committed 33728K, reserved 1114112K
  class space    used 4076K, committed 4288K, reserved 1048576K
}
Event: 5.833 GC heap after
{Heap after GC invocations=23 (full 0):
 garbage-first heap   total 372736K, used 102433K [0x0000000752600000, 0x0000000800000000)
  region size 2048K, 14 young (28672K), 14 survivors (28672K)
 Metaspace       used 33276K, committed 33728K, reserved 1114112K
  class space    used 4076K, committed 4288K, reserved 1048576K
}
Event: 5.962 GC heap before
{Heap before GC invocations=23 (full 0):
 garbage-first heap   total 372736K, used 286753K [0x0000000752600000, 0x0000000800000000)
  region size 2048K, 105 young (215040K), 14 survivors (28672K)
 Metaspace       used 33277K, committed 33728K, reserved 1114112K
  class space    used 4076K, committed 4288K, reserved 1048576K
}
Event: 5.980 GC heap after
{Heap after GC invocations=24 (full 0):
 garbage-first heap   total 372736K, used 115304K [0x0000000752600000, 0x0000000800000000)
  region size 2048K, 14 young (28672K), 14 survivors (28672K)
 Metaspace       used 33277K, committed 33728K, reserved 1114112K
  class space    used 4076K, committed 4288K, reserved 1048576K
}
Event: 6.113 GC heap before
{Heap before GC invocations=24 (full 0):
 garbage-first heap   total 372736K, used 291432K [0x0000000752600000, 0x0000000800000000)
  region size 2048K, 101 young (206848K), 14 survivors (28672K)
 Metaspace       used 33277K, committed 33728K, reserved 1114112K
  class space    used 4076K, committed 4288K, reserved 1048576K
}

Dll operation events (7 events):
Event: 0.005 Loaded shared library D:\Programas\JAVA\jdk\bin\java.dll
Event: 0.018 Loaded shared library D:\Programas\JAVA\jdk\bin\jsvml.dll
Event: 0.074 Loaded shared library D:\Programas\JAVA\jdk\bin\net.dll
Event: 0.075 Loaded shared library D:\Programas\JAVA\jdk\bin\nio.dll
Event: 0.077 Loaded shared library D:\Programas\JAVA\jdk\bin\zip.dll
Event: 0.190 Loaded shared library D:\Programas\JAVA\jdk\bin\jimage.dll
Event: 1.377 Loaded shared library D:\Programas\JAVA\jdk\bin\sunmscapi.dll

Deoptimization events (20 events):
Event: 5.637 Thread 0x00000222c9572fb0 Uncommon trap: trap_request=0xffffff45 fr.pc=0x00000222eed64828 relative=0x00000000000001a8
Event: 5.637 Thread 0x00000222c9572fb0 Uncommon trap: reason=unstable_if action=reinterpret pc=0x00000222eed64828 method=java.lang.String.hashCode()I @ 20 c2
Event: 5.637 Thread 0x00000222c9572fb0 DEOPT PACKING pc=0x00000222eed64828 sp=0x000000420b2fe860
Event: 5.637 Thread 0x00000222c9572fb0 DEOPT UNPACKING pc=0x00000222ee6569a3 sp=0x000000420b2fe7f0 mode 2
Event: 5.638 Thread 0x00000222c9577180 Uncommon trap: trap_request=0xffffff45 fr.pc=0x00000222eee16bf4 relative=0x00000000000003d4
Event: 5.638 Thread 0x00000222c9577180 Uncommon trap: reason=unstable_if action=reinterpret pc=0x00000222eee16bf4 method=java.lang.StringUTF16.compress([CII)[B @ 13 c2
Event: 5.638 Thread 0x00000222c9577180 DEOPT PACKING pc=0x00000222eee16bf4 sp=0x000000420affe330
Event: 5.638 Thread 0x00000222c9577180 DEOPT UNPACKING pc=0x00000222ee6569a3 sp=0x000000420affe270 mode 2
Event: 5.638 Thread 0x0000022280db4830 Uncommon trap: trap_request=0xffffff45 fr.pc=0x00000222eee0af18 relative=0x00000000000001f8
Event: 5.638 Thread 0x0000022280db4830 Uncommon trap: reason=unstable_if action=reinterpret pc=0x00000222eee0af18 method=java.lang.StringUTF16.compress([CII)[B @ 13 c2
Event: 5.638 Thread 0x0000022280db4830 DEOPT PACKING pc=0x00000222eee0af18 sp=0x0000004209ffe560
Event: 5.638 Thread 0x0000022280db4830 DEOPT UNPACKING pc=0x00000222ee6569a3 sp=0x0000004209ffe500 mode 2
Event: 5.639 Thread 0x00000222c7a4ad40 Uncommon trap: trap_request=0xffffff45 fr.pc=0x00000222eed7bb28 relative=0x0000000000000328
Event: 5.639 Thread 0x00000222c7a4ad40 Uncommon trap: reason=unstable_if action=reinterpret pc=0x00000222eed7bb28 method=java.lang.StringUTF16.compress([CI[BII)I @ 20 c2
Event: 5.639 Thread 0x00000222c7a4ad40 DEOPT PACKING pc=0x00000222eed7bb28 sp=0x000000420a4fe5a0
Event: 5.639 Thread 0x00000222c7a4ad40 DEOPT UNPACKING pc=0x00000222ee6569a3 sp=0x000000420a4fe520 mode 2
Event: 5.904 Thread 0x00000222c9577690 Uncommon trap: trap_request=0xffffff45 fr.pc=0x00000222eede65f0 relative=0x00000000000016b0
Event: 5.904 Thread 0x00000222c9577690 Uncommon trap: reason=unstable_if action=reinterpret pc=0x00000222eede65f0 method=java.lang.String.hashCode()I @ 20 c2
Event: 5.904 Thread 0x00000222c9577690 DEOPT PACKING pc=0x00000222eede65f0 sp=0x000000420b3fe550
Event: 5.904 Thread 0x00000222c9577690 DEOPT UNPACKING pc=0x00000222ee6569a3 sp=0x000000420b3fe480 mode 2

Classes loaded (20 events):
Event: 4.582 Loading class sun/nio/fs/WindowsLinkSupport
Event: 4.582 Loading class sun/nio/fs/WindowsLinkSupport done
Event: 4.593 Loading class java/util/concurrent/locks/AbstractQueuedSynchronizer$ExclusiveNode
Event: 4.593 Loading class java/util/concurrent/locks/AbstractQueuedSynchronizer$Node
Event: 4.593 Loading class java/util/concurrent/locks/AbstractQueuedSynchronizer$Node done
Event: 4.593 Loading class java/util/concurrent/locks/AbstractQueuedSynchronizer$ExclusiveNode done
Event: 4.605 Loading class java/nio/BufferUnderflowException
Event: 4.605 Loading class java/nio/BufferUnderflowException done
Event: 4.605 Loading class java/nio/channels/spi/AbstractInterruptibleChannel$1
Event: 4.605 Loading class sun/nio/ch/Interruptible
Event: 4.605 Loading class sun/nio/ch/Interruptible done
Event: 4.605 Loading class java/nio/channels/spi/AbstractInterruptibleChannel$1 done
Event: 4.607 Loading class java/nio/ReadOnlyBufferException
Event: 4.607 Loading class java/nio/ReadOnlyBufferException done
Event: 4.610 Loading class java/util/zip/DataFormatException
Event: 4.610 Loading class java/util/zip/DataFormatException done
Event: 4.724 Loading class java/util/concurrent/locks/AbstractQueuedSynchronizer$ConditionNode
Event: 4.725 Loading class java/util/concurrent/locks/AbstractQueuedSynchronizer$ConditionNode done
Event: 5.158 Loading class jdk/internal/misc/ScopedMemoryAccess$Scope$Handle
Event: 5.158 Loading class jdk/internal/misc/ScopedMemoryAccess$Scope$Handle done

Classes unloaded (0 events):
No events

Classes redefined (0 events):
No events

Internal exceptions (20 events):
Event: 3.623 Thread 0x00000222df6888f0 Exception <a 'sun/nio/fs/WindowsException'{0x00000007560a8958}> (0x00000007560a8958) 
thrown [s\src\hotspot\share\prims\jni.cpp, line 516]
Event: 3.623 Thread 0x00000222df6888f0 Exception <a 'sun/nio/fs/WindowsException'{0x00000007560a9648}> (0x00000007560a9648) 
thrown [s\src\hotspot\share\prims\jni.cpp, line 516]
Event: 3.636 Thread 0x00000222df6888f0 Exception <a 'sun/nio/fs/WindowsException'{0x0000000755e3c808}> (0x0000000755e3c808) 
thrown [s\src\hotspot\share\prims\jni.cpp, line 516]
Event: 3.636 Thread 0x00000222df6888f0 Exception <a 'sun/nio/fs/WindowsException'{0x0000000755e3ccb0}> (0x0000000755e3ccb0) 
thrown [s\src\hotspot\share\prims\jni.cpp, line 516]
Event: 3.636 Thread 0x00000222df6888f0 Exception <a 'sun/nio/fs/WindowsException'{0x0000000755e3d9f8}> (0x0000000755e3d9f8) 
thrown [s\src\hotspot\share\prims\jni.cpp, line 516]
Event: 3.648 Thread 0x00000222df6888f0 Exception <a 'sun/nio/fs/WindowsException'{0x0000000755f0c838}> (0x0000000755f0c838) 
thrown [s\src\hotspot\share\prims\jni.cpp, line 516]
Event: 3.648 Thread 0x00000222df6888f0 Exception <a 'sun/nio/fs/WindowsException'{0x0000000755f0cd38}> (0x0000000755f0cd38) 
thrown [s\src\hotspot\share\prims\jni.cpp, line 516]
Event: 3.665 Thread 0x00000222df6888f0 Exception <a 'sun/nio/fs/WindowsException'{0x0000000755d14ca8}> (0x0000000755d14ca8) 
thrown [s\src\hotspot\share\prims\jni.cpp, line 516]
Event: 3.665 Thread 0x00000222df6888f0 Exception <a 'sun/nio/fs/WindowsException'{0x0000000755d15178}> (0x0000000755d15178) 
thrown [s\src\hotspot\share\prims\jni.cpp, line 516]
Event: 3.686 Thread 0x00000222df6888f0 Exception <a 'sun/nio/fs/WindowsException'{0x0000000755b10dc8}> (0x0000000755b10dc8) 
thrown [s\src\hotspot\share\prims\jni.cpp, line 516]
Event: 3.686 Thread 0x00000222df6888f0 Exception <a 'sun/nio/fs/WindowsException'{0x0000000755b112a8}> (0x0000000755b112a8) 
thrown [s\src\hotspot\share\prims\jni.cpp, line 516]
Event: 3.686 Thread 0x00000222df6888f0 Exception <a 'sun/nio/fs/WindowsException'{0x0000000755b11ff0}> (0x0000000755b11ff0) 
thrown [s\src\hotspot\share\prims\jni.cpp, line 516]
Event: 3.978 Thread 0x00000222df6888f0 Implicit null exception at 0x00000222eee33402 to 0x00000222eee33a3c
Event: 4.070 Thread 0x00000222df6888f0 Exception <a 'java/lang/NoSuchMethodError'{0x00000007591e1f78}: 'java.lang.Object java.lang.invoke.Invokers$Holder.invoke_MT(java.lang.Object, java.lang.Object, java.lang.Object, java.lang.Object, java.lang.Object, java.lang.Object, java.lang.Object, java.lang.Object, java.lang.Object)'> (0x00000007591e1f78) 
thrown [s\src\hotspot\share\interpreter\linkResolver.cpp, line 759]
Event: 4.166 Thread 0x00000222df6888f0 Exception <a 'java/lang/NoSuchMethodError'{0x0000000758a15f88}: 'int java.lang.invoke.DirectMethodHandle$Holder.invokeSpecialIFC(java.lang.Object, java.lang.Object, java.lang.Object)'> (0x0000000758a15f88) 
thrown [s\src\hotspot\share\interpreter\linkResolver.cpp, line 759]
Event: 4.205 Thread 0x00000222df6888f0 Exception <a 'java/lang/NoSuchMethodError'{0x000000075652f4f8}: 'java.lang.Object java.lang.invoke.DirectMethodHandle$Holder.invokeStatic(java.lang.Object, java.lang.Object, java.lang.Object, java.lang.Object, int, java.lang.Object)'> (0x000000075652f4f8) 
thrown [s\src\hotspot\share\interpreter\linkResolver.cpp, line 759]
Event: 4.205 Thread 0x00000222df6888f0 Exception <a 'java/lang/NoSuchMethodError'{0x00000007565376e0}: 'java.lang.Object java.lang.invoke.DirectMethodHandle$Holder.newInvokeSpecial(java.lang.Object, java.lang.Object, java.lang.Object, java.lang.Object, int)'> (0x00000007565376e0) 
thrown [s\src\hotspot\share\interpreter\linkResolver.cpp, line 759]
Event: 4.205 Thread 0x00000222df6888f0 Exception <a 'java/lang/NoSuchMethodError'{0x000000075653bb10}: 'java.lang.Object java.lang.invoke.DirectMethodHandle$Holder.invokeSpecial(java.lang.Object, java.lang.Object, java.lang.Object, java.lang.Object, java.lang.Object, int)'> (0x000000075653bb10) 
thrown [s\src\hotspot\share\interpreter\linkResolver.cpp, line 759]
Event: 4.205 Thread 0x00000222df6888f0 Exception <a 'java/lang/NoSuchMethodError'{0x000000075653f5f8}: 'java.lang.Object java.lang.invoke.Invokers$Holder.linkToTargetMethod(java.lang.Object, java.lang.Object, java.lang.Object, int, java.lang.Object)'> (0x000000075653f5f8) 
thrown [s\src\hotspot\share\interpreter\linkResolver.cpp, line 759]
Event: 4.336 Thread 0x00000222df6888f0 Exception <a 'sun/nio/fs/WindowsException'{0x000000075540f090}> (0x000000075540f090) 
thrown [s\src\hotspot\share\prims\jni.cpp, line 516]

VM Operations (20 events):
Event: 5.273 Executing VM operation: G1CollectForAllocation done
Event: 5.273 Executing VM operation: G1CollectForAllocation
Event: 5.283 Executing VM operation: G1CollectForAllocation done
Event: 5.360 Executing VM operation: G1CollectForAllocation
Event: 5.367 Executing VM operation: G1CollectForAllocation done
Event: 5.438 Executing VM operation: G1CollectForAllocation
Event: 5.438 Executing VM operation: G1CollectForAllocation done
Event: 5.438 Executing VM operation: G1CollectForAllocation
Event: 5.447 Executing VM operation: G1CollectForAllocation done
Event: 5.622 Executing VM operation: G1CollectForAllocation
Event: 5.622 Executing VM operation: G1CollectForAllocation done
Event: 5.623 Executing VM operation: G1CollectForAllocation
Event: 5.633 Executing VM operation: G1CollectForAllocation done
Event: 5.817 Executing VM operation: G1CollectForAllocation
Event: 5.833 Executing VM operation: G1CollectForAllocation done
Event: 5.961 Executing VM operation: G1CollectForAllocation
Event: 5.961 Executing VM operation: G1CollectForAllocation done
Event: 5.961 Executing VM operation: G1CollectForAllocation
Event: 5.980 Executing VM operation: G1CollectForAllocation done
Event: 6.113 Executing VM operation: G1CollectForAllocation

Memory protections (0 events):
No events

Nmethod flushes (20 events):
Event: 4.303 Thread 0x00000222801d2b30 flushing  nmethod 0x00000222e7cec790
Event: 4.303 Thread 0x00000222801d2b30 flushing  nmethod 0x00000222e7ced210
Event: 4.303 Thread 0x00000222801d2b30 flushing  nmethod 0x00000222e7ced590
Event: 4.303 Thread 0x00000222801d2b30 flushing  nmethod 0x00000222e7cede90
Event: 4.303 Thread 0x00000222801d2b30 flushing  nmethod 0x00000222e7ceec90
Event: 4.303 Thread 0x00000222801d2b30 flushing  nmethod 0x00000222e7cef890
Event: 4.303 Thread 0x00000222801d2b30 flushing  nmethod 0x00000222e7cf4610
Event: 4.303 Thread 0x00000222801d2b30 flushing  nmethod 0x00000222e7cf5290
Event: 4.303 Thread 0x00000222801d2b30 flushing  nmethod 0x00000222e7cf6310
Event: 4.303 Thread 0x00000222801d2b30 flushing  nmethod 0x00000222e7cf8c10
Event: 4.303 Thread 0x00000222801d2b30 flushing  nmethod 0x00000222e7cfb490
Event: 4.303 Thread 0x00000222801d2b30 flushing  nmethod 0x00000222e7cfc890
Event: 4.303 Thread 0x00000222801d2b30 flushing  nmethod 0x00000222e7cfee10
Event: 4.303 Thread 0x00000222801d2b30 flushing  nmethod 0x00000222e7d01090
Event: 4.303 Thread 0x00000222801d2b30 flushing  nmethod 0x00000222e7d02010
Event: 4.303 Thread 0x00000222801d2b30 flushing  nmethod 0x00000222e7d02d90
Event: 4.303 Thread 0x00000222801d2b30 flushing  nmethod 0x00000222e7d03910
Event: 4.303 Thread 0x00000222801d2b30 flushing  nmethod 0x00000222e7d05990
Event: 4.303 Thread 0x00000222801d2b30 flushing  nmethod 0x00000222e7d06a90
Event: 4.303 Thread 0x00000222801d2b30 flushing  nmethod 0x00000222e7d0a890

Events (20 events):
Event: 4.581 Thread 0x00000222c9d6e460 Thread added: 0x00000222c7a64330
Event: 4.581 Thread 0x00000222c9d6e460 Thread added: 0x00000222c839ab80
Event: 4.581 Thread 0x00000222c9d6e460 Thread added: 0x00000222c7a4a320
Event: 4.582 Thread 0x00000222c9d6e460 Thread added: 0x00000222c7a4ad40
Event: 4.582 Thread 0x00000222c9d6e460 Thread added: 0x00000222c7a493f0
Event: 4.582 Thread 0x00000222c9d6e460 Thread added: 0x00000222c7a489d0
Event: 4.582 Thread 0x00000222c9d6e460 Thread added: 0x00000222c7a4b250
Event: 4.582 Thread 0x00000222c9d6e460 Thread added: 0x00000222c7a48ee0
Event: 4.582 Thread 0x00000222c9d6e460 Thread added: 0x00000222c7a49900
Event: 4.583 Thread 0x00000222c9d6e460 Thread added: 0x00000222c7a4a830
Event: 4.583 Thread 0x00000222c9d6e460 Thread added: 0x00000222c7a4b760
Event: 4.583 Thread 0x00000222c9d6e460 Thread added: 0x00000222c7a49e10
Event: 4.584 Thread 0x00000222c9d6e460 Thread added: 0x00000222c7a47fb0
Event: 4.584 Thread 0x00000222c9d6e460 Thread added: 0x00000222c7a484c0
Event: 4.584 Thread 0x00000222c9d6e460 Thread added: 0x00000222c9577180
Event: 4.584 Thread 0x00000222c9d6e460 Thread added: 0x00000222c95785c0
Event: 4.584 Thread 0x00000222c9d6e460 Thread added: 0x00000222c95739d0
Event: 4.584 Thread 0x00000222c9d6e460 Thread added: 0x00000222c9572fb0
Event: 4.585 Thread 0x00000222c9d6e460 Thread added: 0x00000222c9577690
Event: 4.585 Thread 0x00000222c9d6e460 Thread added: 0x00000222c9573ee0


Dynamic libraries:
0x00007ff77f000000 - 0x00007ff77f00e000 	D:\Programas\JAVA\jdk\bin\java.exe
0x00007ff905a10000 - 0x00007ff905c27000 	C:\Windows\SYSTEM32\ntdll.dll
0x00007ff903ad0000 - 0x00007ff903b94000 	C:\Windows\System32\KERNEL32.DLL
0x00007ff902d60000 - 0x00007ff903130000 	C:\Windows\System32\KERNELBASE.dll
0x00007ff903530000 - 0x00007ff903641000 	C:\Windows\System32\ucrtbase.dll
0x00007ff8ea970000 - 0x00007ff8ea98b000 	D:\Programas\JAVA\jdk\bin\VCRUNTIME140.dll
0x00007ff8ea990000 - 0x00007ff8ea9a7000 	D:\Programas\JAVA\jdk\bin\jli.dll
0x00007ff905220000 - 0x00007ff9053ce000 	C:\Windows\System32\USER32.dll
0x00007ff903650000 - 0x00007ff903676000 	C:\Windows\System32\win32u.dll
0x00007ff8e3d70000 - 0x00007ff8e4002000 	C:\Windows\WinSxS\amd64_microsoft.windows.common-controls_6595b64144ccf1df_6.0.22621.4830_none_270fe7d773858e80\COMCTL32.dll
0x00007ff905030000 - 0x00007ff905059000 	C:\Windows\System32\GDI32.dll
0x00007ff904620000 - 0x00007ff9046c7000 	C:\Windows\System32\msvcrt.dll
0x00007ff9031b0000 - 0x00007ff9032cb000 	C:\Windows\System32\gdi32full.dll
0x00007ff902cc0000 - 0x00007ff902d5a000 	C:\Windows\System32\msvcp_win.dll
0x00007ff903ed0000 - 0x00007ff903f01000 	C:\Windows\System32\IMM32.DLL
0x00007ff8fdc20000 - 0x00007ff8fdc2c000 	D:\Programas\JAVA\jdk\bin\vcruntime140_1.dll
0x00007ff8e6400000 - 0x00007ff8e648d000 	D:\Programas\JAVA\jdk\bin\msvcp140.dll
0x00007ff8c4dc0000 - 0x00007ff8c5a2c000 	D:\Programas\JAVA\jdk\bin\server\jvm.dll
0x00007ff9053d0000 - 0x00007ff905481000 	C:\Windows\System32\ADVAPI32.dll
0x00007ff9043e0000 - 0x00007ff904487000 	C:\Windows\System32\sechost.dll
0x00007ff903390000 - 0x00007ff9033b8000 	C:\Windows\System32\bcrypt.dll
0x00007ff903780000 - 0x00007ff903894000 	C:\Windows\System32\RPCRT4.dll
0x00007ff903d90000 - 0x00007ff903e01000 	C:\Windows\System32\WS2_32.dll
0x00007ff8f94c0000 - 0x00007ff8f94ca000 	C:\Windows\SYSTEM32\VERSION.dll
0x00007ff902b90000 - 0x00007ff902bdd000 	C:\Windows\SYSTEM32\POWRPROF.dll
0x00007ff8fd9b0000 - 0x00007ff8fd9e4000 	C:\Windows\SYSTEM32\WINMM.dll
0x00007ff902b70000 - 0x00007ff902b83000 	C:\Windows\SYSTEM32\UMPDC.dll
0x00007ff901cc0000 - 0x00007ff901cd8000 	C:\Windows\SYSTEM32\kernel.appcore.dll
0x00007ff8f9720000 - 0x00007ff8f972a000 	D:\Programas\JAVA\jdk\bin\jimage.dll
0x00007ff8fa8a0000 - 0x00007ff8faad2000 	C:\Windows\SYSTEM32\DBGHELP.DLL
0x00007ff905640000 - 0x00007ff9059d0000 	C:\Windows\System32\combase.dll
0x00007ff903cb0000 - 0x00007ff903d87000 	C:\Windows\System32\OLEAUT32.dll
0x00007ff8ed9d0000 - 0x00007ff8eda02000 	C:\Windows\SYSTEM32\dbgcore.DLL
0x00007ff903680000 - 0x00007ff9036fb000 	C:\Windows\System32\bcryptPrimitives.dll
0x00007ff8e9460000 - 0x00007ff8e9485000 	D:\Programas\JAVA\jdk\bin\java.dll
0x00007ff8e53e0000 - 0x00007ff8e54b7000 	D:\Programas\JAVA\jdk\bin\jsvml.dll
0x00007ff9047b0000 - 0x00007ff905028000 	C:\Windows\System32\SHELL32.dll
0x00007ff900bc0000 - 0x00007ff9014d0000 	C:\Windows\SYSTEM32\windows.storage.dll
0x00007ff900a80000 - 0x00007ff900bbf000 	C:\Windows\SYSTEM32\wintypes.dll
0x00007ff903ba0000 - 0x00007ff903caa000 	C:\Windows\System32\SHCORE.dll
0x00007ff903700000 - 0x00007ff90375e000 	C:\Windows\System32\shlwapi.dll
0x00007ff902bf0000 - 0x00007ff902c1b000 	C:\Windows\SYSTEM32\profapi.dll
0x00007ff8e9760000 - 0x00007ff8e9779000 	D:\Programas\JAVA\jdk\bin\net.dll
0x00007ff8fd880000 - 0x00007ff8fd9ac000 	C:\Windows\SYSTEM32\WINHTTP.dll
0x00007ff902130000 - 0x00007ff90219a000 	C:\Windows\system32\mswsock.dll
0x00007ff8e8e50000 - 0x00007ff8e8e66000 	D:\Programas\JAVA\jdk\bin\nio.dll
0x00007ff8e8ad0000 - 0x00007ff8e8ae8000 	D:\Programas\JAVA\jdk\bin\zip.dll
0x00007ff8f2060000 - 0x00007ff8f206e000 	D:\Programas\JAVA\jdk\bin\sunmscapi.dll
0x00007ff9033c0000 - 0x00007ff903526000 	C:\Windows\System32\CRYPT32.dll
0x00007ff902570000 - 0x00007ff90259d000 	C:\Windows\SYSTEM32\ncrypt.dll
0x00007ff902530000 - 0x00007ff902567000 	C:\Windows\SYSTEM32\NTASN1.dll

dbghelp: loaded successfully - version: 4.0.5 - missing functions: none
symbol engine: initialized successfully - sym options: 0x614 - pdb path: .;D:\Programas\JAVA\jdk\bin;C:\Windows\SYSTEM32;C:\Windows\WinSxS\amd64_microsoft.windows.common-controls_6595b64144ccf1df_6.0.22621.4830_none_270fe7d773858e80;D:\Programas\JAVA\jdk\bin\server

VM Arguments:
java_command: org.springframework.boot.SpringApplicationAotProcessor org.joinfaces.example.JoinFacesExampleApplication D:\Projetos\EstudoIndentar\Testes Spring boot\websocket-spring-jsf\target\spring-aot\main\sources D:\Projetos\EstudoIndentar\Testes Spring boot\websocket-spring-jsf\target\spring-aot\main\resources D:\Projetos\EstudoIndentar\Testes Spring boot\websocket-spring-jsf\target\spring-aot\main\classes org.joinfaces joinfaces-example
java_class_path (initial): D:\Projetos\EstudoIndentar\Testes Spring boot\websocket-spring-jsf\target\classes;D:\Projetos\EstudoIndentar\Testes Spring boot\websocket-spring-jsf\target\spring-aot\main\classes;C:\Users\pcmix\.m2\repository\jakarta\validation\jakarta.validation-api\3.0.2\jakarta.validation-api-3.0.2.jar;C:\Users\pcmix\.m2\repository\ch\qos\logback\logback-classic\1.5.16\logback-classic-1.5.16.jar;C:\Users\pcmix\.m2\repository\ch\qos\logback\logback-core\1.5.16\logback-core-1.5.16.jar;C:\Users\pcmix\.m2\repository\org\apache\logging\log4j\log4j-to-slf4j\2.24.3\log4j-to-slf4j-2.24.3.jar;C:\Users\pcmix\.m2\repository\org\apache\logging\log4j\log4j-api\2.24.3\log4j-api-2.24.3.jar;C:\Users\pcmix\.m2\repository\org\slf4j\jul-to-slf4j\2.0.16\jul-to-slf4j-2.0.16.jar;C:\Users\pcmix\.m2\repository\jakarta\annotation\jakarta.annotation-api\2.1.1\jakarta.annotation-api-2.1.1.jar;C:\Users\pcmix\.m2\repository\org\yaml\snakeyaml\2.3\snakeyaml-2.3.jar;C:\Users\pcmix\.m2\repository\org\springframework\spring-core\6.2.2\spring-core-6.2.2.jar;C:\Users\pcmix\.m2\repository\org\springframework\spring-jcl\6.2.2\spring-jcl-6.2.2.jar;C:\Users\pcmix\.m2\repository\org\springframework\boot\spring-boot-actuator-autoconfigure\3.5.0-M1\spring-boot-actuator-autoconfigure-3.5.0-M1.jar;C:\Users\pcmix\.m2\repository\org\springframework\boot\spring-boot-actuator\3.5.0-M1\spring-boot-actuator-3.5.0-M1.jar;C:\Users\pcmix\.m2\repository\com\fasterxml\jackson\core\jackson-databind\2.18.2\jackson-databind-2.18.2.jar;C:\Users\pcmix\.m2\repository\com\fasterxml\jackson\core\jackson-annotations\2.18.2\jackson-annotations-2.18.2.jar;C:\Users\pcmix\.m2\repository\com\fasterxml\jackson\core\jackson-core\2.18.2\jackson-core-2.18.2.jar;C:\Users\pcmix\.m2\repository\com\fasterxml\jackson\datatype\jackson-datatype-jsr310\2.18.2\jackson-datatype-jsr310-2.18.2.jar;C:\Users\pcmix\.m2\repository\io\micrometer\micrometer-observation\1.15.0-M1\micrometer-observation-1.15.0-M1.jar;C:\Users\pcmix\.m2\repos
Launcher Type: SUN_STANDARD

[Global flags]
     intx CICompilerCount                          = 12                                        {product} {ergonomic}
     uint ConcGCThreads                            = 3                                         {product} {ergonomic}
     uint G1ConcRefinementThreads                  = 13                                        {product} {ergonomic}
   size_t G1HeapRegionSize                         = 2097152                                   {product} {ergonomic}
    uintx GCDrainStackTargetSize                   = 64                                        {product} {ergonomic}
   size_t InitialHeapSize                          = 182452224                                 {product} {ergonomic}
   size_t MarkStackSize                            = 4194304                                   {product} {ergonomic}
   size_t MaxHeapSize                              = 2912944128                                {product} {ergonomic}
   size_t MaxNewSize                               = 1746927616                                {product} {ergonomic}
   size_t MinHeapDeltaBytes                        = 2097152                                   {product} {ergonomic}
   size_t MinHeapSize                              = 8388608                                   {product} {ergonomic}
    uintx NonNMethodCodeHeapSize                   = 7602480                                {pd product} {ergonomic}
    uintx NonProfiledCodeHeapSize                  = 122027880                              {pd product} {ergonomic}
    uintx ProfiledCodeHeapSize                     = 122027880                              {pd product} {ergonomic}
    uintx ReservedCodeCacheSize                    = 251658240                              {pd product} {ergonomic}
     bool SegmentedCodeCache                       = true                                      {product} {ergonomic}
   size_t SoftMaxHeapSize                          = 2912944128                             {manageable} {ergonomic}
     bool UseCompressedClassPointers               = true                           {product lp64_product} {ergonomic}
     bool UseCompressedOops                        = true                           {product lp64_product} {ergonomic}
     bool UseG1GC                                  = true                                      {product} {ergonomic}
     bool UseLargePagesIndividualAllocation        = false                                  {pd product} {ergonomic}

Logging:
Log output configuration:
 #0: stdout all=warning uptime,level,tags
 #1: stderr all=off uptime,level,tags

Environment Variables:
JAVA_HOME=D:\Programas\JAVA\jdk
PATH=C:\Windows\system32;C:\Windows;C:\Windows\System32\Wbem;C:\Windows\System32\WindowsPowerShell\v1.0\;C:\Windows\System32\OpenSSH\;C:\Program Files\dotnet\;C:\Program Files\Java\jdk1.8.0_291\bin;C:\Program Files (x86)\Oberthur Technologies\AWP\Dlls;C:\Program Files\Oberthur Technologies\AWP\Dlls;C:\Program Files\Git\cmd;D:\Programas\putty\;D:\Programas\MAVEN\apache-maven-3.9.9\bin;D:\Programas\ANT\apache-ant-1.9.16\bin;C:\Program Files\CheckSefaz;C:\Users\pcmix\AppData\Local\Microsoft\WindowsApps;C:\Users\pcmix\AppData\Local\GitHubDesktop\bin;d:\Programas\Intellij\bin;C:\Program Files\JetBrains\IntelliJ IDEA Community Edition 2024.3.2.2\bin;D:\Programas\JAVA\jdk\bin
USERNAME=pcmix
OS=Windows_NT
PROCESSOR_IDENTIFIER=AMD64 Family 23 Model 104 Stepping 1, AuthenticAMD
TMP=C:\Users\pcmix\AppData\Local\Temp
TEMP=C:\Users\pcmix\AppData\Local\Temp



Periodic native trim disabled


---------------  S Y S T E M  ---------------

OS:
 Windows 11 , 64 bit Build 22621 (10.0.22621.4830)
OS uptime: 1 days 3:31 hours
Hyper-V role detected

CPU: total 16 (initial active 16) (16 cores per cpu, 2 threads per core) family 23 model 104 stepping 1 microcode 0x0, cx8, cmov, fxsr, ht, mmx, 3dnowpref, sse, sse2, sse3, ssse3, sse4a, sse4.1, sse4.2, popcnt, lzcnt, tsc, tscinvbit, avx, avx2, aes, clmul, bmi1, bmi2, adx, sha, fma, vzeroupper, clflush, clflushopt, hv
Processor Information for all 16 processors :
  Max Mhz: 1801, Current Mhz: 1801, Mhz Limit: 1801

Memory: 4k page, system-wide physical 11109M (277M free)
TotalPageFile size 19071M (AvailPageFile size 8M)
current process WorkingSet (physical memory assigned to process): 543M, peak: 543M
current process commit charge ("private bytes"): 942M, peak: 947M

vm_info: OpenJDK 64-Bit Server VM (17.0.13+11-LTS) for windows-amd64 JRE (17.0.13+11-LTS), built on Oct 10 2024 19:51:30 by "Administrator" with MS VC++ 16.10 / 16.11 (VS2019)

END.
